Component: ARM Compiler 5.06 update 6 (build 750) Tool: armlink [4d35ed]

==============================================================================

Section Cross References

    startup_stm32f767xx.o(RESET) refers to startup_stm32f767xx.o(STACK) for __initial_sp
    startup_stm32f767xx.o(RESET) refers to startup_stm32f767xx.o(.text) for Reset_Handler
    startup_stm32f767xx.o(RESET) refers to stm32f7xx_it.o(i.NMI_Handler) for NMI_Handler
    startup_stm32f767xx.o(RESET) refers to stm32f7xx_it.o(i.HardFault_Handler) for HardFault_Handler
    startup_stm32f767xx.o(RESET) refers to stm32f7xx_it.o(i.MemManage_Handler) for MemManage_Handler
    startup_stm32f767xx.o(RESET) refers to stm32f7xx_it.o(i.BusFault_Handler) for BusFault_Handler
    startup_stm32f767xx.o(RESET) refers to stm32f7xx_it.o(i.UsageFault_Handler) for UsageFault_Handler
    startup_stm32f767xx.o(RESET) refers to stm32f7xx_it.o(i.SVC_Handler) for SVC_Handler
    startup_stm32f767xx.o(RESET) refers to stm32f7xx_it.o(i.DebugMon_Handler) for DebugMon_Handler
    startup_stm32f767xx.o(RESET) refers to stm32f7xx_it.o(i.PendSV_Handler) for PendSV_Handler
    startup_stm32f767xx.o(RESET) refers to stm32f7xx_it.o(i.SysTick_Handler) for SysTick_Handler
    startup_stm32f767xx.o(RESET) refers to stm32f7xx_it.o(i.TIM1_UP_TIM10_IRQHandler) for TIM1_UP_TIM10_IRQHandler
    startup_stm32f767xx.o(RESET) refers to stm32f7xx_it.o(i.I2C2_EV_IRQHandler) for I2C2_EV_IRQHandler
    startup_stm32f767xx.o(RESET) refers to stm32f7xx_it.o(i.I2C2_ER_IRQHandler) for I2C2_ER_IRQHandler
    startup_stm32f767xx.o(.text) refers to system_stm32f7xx.o(i.SystemInit) for SystemInit
    startup_stm32f767xx.o(.text) refers to entry.o(.ARM.Collect$$$$00000000) for __main
    lcd_i2cmodule.o(i.LCD_BackLight) refers to lcd_i2cmodule.o(i.LCD_Write_Data) for LCD_Write_Data
    lcd_i2cmodule.o(i.LCD_BackLight) refers to lcd_i2cmodule.o(.data) for .data
    lcd_i2cmodule.o(i.LCD_Clear) refers to lcd_i2cmodule.o(i.LCD_Set_Command) for LCD_Set_Command
    lcd_i2cmodule.o(i.LCD_Clear) refers to stm32f7xx_hal.o(i.HAL_Delay) for HAL_Delay
    lcd_i2cmodule.o(i.LCD_Clear) refers to lcd_i2cmodule.o(.data) for .data
    lcd_i2cmodule.o(i.LCD_Init) refers to lcd_i2cmodule.o(i.LCD_Set_Command) for LCD_Set_Command
    lcd_i2cmodule.o(i.LCD_Init) refers to stm32f7xx_hal.o(i.HAL_Delay) for HAL_Delay
    lcd_i2cmodule.o(i.LCD_Print) refers to printfa.o(i.__0sprintf) for sprintf
    lcd_i2cmodule.o(i.LCD_Print) refers to lcd_i2cmodule.o(i.LCD_Send_String) for LCD_Send_String
    lcd_i2cmodule.o(i.LCD_Send_String) refers to strlen.o(.text) for strlen
    lcd_i2cmodule.o(i.LCD_Send_String) refers to lcd_i2cmodule.o(i.LCD_SetCursor) for LCD_SetCursor
    lcd_i2cmodule.o(i.LCD_Send_String) refers to lcd_i2cmodule.o(i.LCD_Write_Data) for LCD_Write_Data
    lcd_i2cmodule.o(i.LCD_Send_String) refers to lcd_i2cmodule.o(.data) for .data
    lcd_i2cmodule.o(i.LCD_Send_String) refers to lcd_i2cmodule.o(.bss) for .bss
    lcd_i2cmodule.o(i.LCD_SetCursor) refers to lcd_i2cmodule.o(i.LCD_Set_Command) for LCD_Set_Command
    lcd_i2cmodule.o(i.LCD_SetCursor) refers to lcd_i2cmodule.o(.data) for .data
    lcd_i2cmodule.o(i.LCD_SetCursor) refers to lcd_i2cmodule.o(.constdata) for .constdata
    lcd_i2cmodule.o(i.LCD_Set_Command) refers to lcd_i2cmodule.o(i.hi2cx_define) for hi2cx_define
    lcd_i2cmodule.o(i.LCD_Set_Command) refers to stm32f7xx_hal_i2c.o(i.HAL_I2C_Master_Transmit) for HAL_I2C_Master_Transmit
    lcd_i2cmodule.o(i.LCD_Set_Command) refers to lcd_i2cmodule.o(.data) for .data
    lcd_i2cmodule.o(i.LCD_Set_Command) refers to lcd_i2cmodule.o(.bss) for .bss
    lcd_i2cmodule.o(i.LCD_Write_Data) refers to lcd_i2cmodule.o(i.hi2cx_define) for hi2cx_define
    lcd_i2cmodule.o(i.LCD_Write_Data) refers to stm32f7xx_hal_i2c.o(i.HAL_I2C_Master_Transmit) for HAL_I2C_Master_Transmit
    lcd_i2cmodule.o(i.LCD_Write_Data) refers to lcd_i2cmodule.o(.data) for .data
    lcd_i2cmodule.o(i.LCD_Write_Data) refers to lcd_i2cmodule.o(.bss) for .bss
    lcd_i2cmodule.o(i.LCD_i2cDeviceCheck) refers to stm32f7xx_hal.o(i.HAL_Delay) for HAL_Delay
    lcd_i2cmodule.o(i.LCD_i2cDeviceCheck) refers to lcd_i2cmodule.o(i.hi2cx_define) for hi2cx_define
    lcd_i2cmodule.o(i.LCD_i2cDeviceCheck) refers to stm32f7xx_hal_i2c.o(i.HAL_I2C_IsDeviceReady) for HAL_I2C_IsDeviceReady
    lcd_i2cmodule.o(i.LCD_i2cDeviceCheck) refers to lcd_i2cmodule.o(.data) for .data
    lcd_i2cmodule.o(i.LCD_i2cDeviceCheck) refers to lcd_i2cmodule.o(.bss) for .bss
    lcd_i2cmodule.o(i.hi2cx_define) refers to memcpya.o(.text) for __aeabi_memcpy4
    lcd_i2cmodule.o(i.hi2cx_define) refers to main.o(.bss) for hi2c2
    lcd_i2cmodule.o(i.hi2cx_define) refers to lcd_i2cmodule.o(.bss) for .bss
    motor.o(i.Motor) refers to main.o(.bss) for htim2
    motor.o(i.afficher) refers to lcd_i2cmodule.o(i.LCD_BackLight) for LCD_BackLight
    motor.o(i.afficher) refers to lcd_i2cmodule.o(i.LCD_SetCursor) for LCD_SetCursor
[...]
    Removing stm32f7xx_hal_exti.o(i.HAL_EXTI_SetConfigLine), (108 bytes).
    Removing system_stm32f7xx.o(.rev16_text), (4 bytes).
    Removing system_stm32f7xx.o(.revsh_text), (4 bytes).
    Removing system_stm32f7xx.o(.rrx_text), (6 bytes).
    Removing system_stm32f7xx.o(i.SystemCoreClockUpdate), (132 bytes).
    Removing system_stm32f7xx.o(.constdata), (8 bytes).

482 unused section(s) (total 36339 bytes) removed from the image.

==============================================================================

Image Symbol Table

    Local Symbols

    Symbol Name                              Value     Ov Type        Size  Object(Section)

    ../Drivers/STM32F7xx_HAL_Driver/Src/stm32f7xx_hal.c 0x00000000   Number         0  stm32f7xx_hal.o ABSOLUTE
    ../Drivers/STM32F7xx_HAL_Driver/Src/stm32f7xx_hal_cortex.c 0x00000000   Number         0  stm32f7xx_hal_cortex.o ABSOLUTE
    ../Drivers/STM32F7xx_HAL_Driver/Src/stm32f7xx_hal_dma.c 0x00000000   Number         0  stm32f7xx_hal_dma.o ABSOLUTE
    ../Drivers/STM32F7xx_HAL_Driver/Src/stm32f7xx_hal_dma_ex.c 0x00000000   Number         0  stm32f7xx_hal_dma_ex.o ABSOLUTE
    ../Drivers/STM32F7xx_HAL_Driver/Src/stm32f7xx_hal_exti.c 0x00000000   Number         0  stm32f7xx_hal_exti.o ABSOLUTE
    ../Drivers/STM32F7xx_HAL_Driver/Src/stm32f7xx_hal_flash.c 0x00000000   Number         0  stm32f7xx_hal_flash.o ABSOLUTE
    ../Drivers/STM32F7xx_HAL_Driver/Src/stm32f7xx_hal_flash_ex.c 0x00000000   Number         0  stm32f7xx_hal_flash_ex.o ABSOLUTE
    ../Drivers/STM32F7xx_HAL_Driver/Src/stm32f7xx_hal_gpio.c 0x00000000   Number         0  stm32f7xx_hal_gpio.o ABSOLUTE
    ../Drivers/STM32F7xx_HAL_Driver/Src/stm32f7xx_hal_i2c.c 0x00000000   Number         0  stm32f7xx_hal_i2c.o ABSOLUTE
    ../Drivers/STM32F7xx_HAL_Driver/Src/stm32f7xx_hal_i2c_ex.c 0x00000000   Number         0  stm32f7xx_hal_i2c_ex.o ABSOLUTE
    ../Drivers/STM32F7xx_HAL_Driver/Src/stm32f7xx_hal_pwr.c 0x00000000   Number         0  stm32f7xx_hal_pwr.o ABSOLUTE
    ../Drivers/STM32F7xx_HAL_Driver/Src/stm32f7xx_hal_pwr_ex.c 0x00000000   Number         0  stm32f7xx_hal_pwr_ex.o ABSOLUTE
    ../Drivers/STM32F7xx_HAL_Driver/Src/stm32f7xx_hal_rcc.c 0x00000000   Number         0  stm32f7xx_hal_rcc.o ABSOLUTE
    ../Drivers/STM32F7xx_HAL_Driver/Src/stm32f7xx_hal_rcc_ex.c 0x00000000   Number         0  stm32f7xx_hal_rcc_ex.o ABSOLUTE
    ../Drivers/STM32F7xx_HAL_Driver/Src/stm32f7xx_hal_spi.c 0x00000000   Number         0  stm32f7xx_hal_spi.o ABSOLUTE
    ../Drivers/STM32F7xx_HAL_Driver/Src/stm32f7xx_hal_spi_ex.c 0x00000000   Number         0  stm32f7xx_hal_spi_ex.o ABSOLUTE
    ../Drivers/STM32F7xx_HAL_Driver/Src/stm32f7xx_hal_tim.c 0x00000000   Number         0  stm32f7xx_hal_tim.o ABSOLUTE
    ../Drivers/STM32F7xx_HAL_Driver/Src/stm32f7xx_hal_tim_ex.c 0x00000000   Number         0  stm32f7xx_hal_tim_ex.o ABSOLUTE
    ../Src/main.c                            0x00000000   Number         0  main.o ABSOLUTE
    ../Src/stm32f7xx_hal_msp.c               0x00000000   Number         0  stm32f7xx_hal_msp.o ABSOLUTE
    ../Src/stm32f7xx_it.c                    0x00000000   Number         0  stm32f7xx_it.o ABSOLUTE
    ../Src/system_stm32f7xx.c                0x00000000   Number         0  system_stm32f7xx.o ABSOLUTE
    ../clib/microlib/division.c              0x00000000   Number         0  uidiv.o ABSOLUTE
    ../clib/microlib/division.c              0x00000000   Number         0  uldiv.o ABSOLUTE
    ../clib/microlib/init/entry.s            0x00000000   Number         0  entry11a.o ABSOLUTE
    ../clib/microlib/init/entry.s            0x00000000   Number         0  entry8a.o ABSOLUTE
    ../clib/microlib/init/entry.s            0x00000000   Number         0  entry7b.o ABSOLUTE
    ../clib/microlib/init/entry.s            0x00000000   Number         0  entry7a.o ABSOLUTE
    ../clib/microlib/init/entry.s            0x00000000   Number         0  entry5.o ABSOLUTE
    ../clib/microlib/init/entry.s            0x00000000   Number         0  entry9a.o ABSOLUTE
    ../clib/microlib/init/entry.s            0x00000000   Number         0  entry11b.o ABSOLUTE
    ../clib/microlib/init/entry.s            0x00000000   Number         0  entry.o ABSOLUTE
    ../clib/microlib/init/entry.s            0x00000000   Number         0  entry2.o ABSOLUTE
    ../clib/microlib/init/entry.s            0x00000000   Number         0  entry10b.o ABSOLUTE
    ../clib/microlib/init/entry.s            0x00000000   Number         0  entry10a.o ABSOLUTE
    ../clib/microlib/init/entry.s            0x00000000   Number         0  entry9b.o ABSOLUTE
    ../clib/microlib/init/entry.s            0x00000000   Number         0  entry8b.o ABSOLUTE
    ../clib/microlib/longlong.c              0x00000000   Number         0  llushr.o ABSOLUTE
    ../clib/microlib/longlong.c              0x00000000   Number         0  llshl.o ABSOLUTE
    ../clib/microlib/longlong.c              0x00000000   Number         0  llsshr.o ABSOLUTE
    ../clib/microlib/printf/printf.c         0x00000000   Number         0  printfa.o ABSOLUTE
    ../clib/microlib/stdio/fputc.c           0x00000000   Number         0  fputc.o ABSOLUTE
    ../clib/microlib/stdio/semi.s            0x00000000   Number         0  semi.o ABSOLUTE
    ../clib/microlib/stdio/streams.c         0x00000000   Number         0  stdout.o ABSOLUTE
    ../clib/microlib/string/memcpy.c         0x00000000   Number         0  memcpyb.o ABSOLUTE
    ../clib/microlib/string/memcpy.c         0x00000000   Number         0  memcpya.o ABSOLUTE
    ../clib/microlib/string/memset.c         0x00000000   Number         0  memseta.o ABSOLUTE
    ../clib/microlib/string/strlen.c         0x00000000   Number         0  strlen.o ABSOLUTE
    ../clib/microlib/stubs.s                 0x00000000   Number         0  iusesemip.o ABSOLUTE
    ../clib/microlib/stubs.s                 0x00000000   Number         0  iusefp.o ABSOLUTE
    ../fplib/microlib/fpadd.c                0x00000000   Number         0  dadd.o ABSOLUTE
    ../fplib/microlib/fpdiv.c                0x00000000   Number         0  ddiv.o ABSOLUTE
    ../fplib/microlib/fpepilogue.c           0x00000000   Number         0  depilogue.o ABSOLUTE
    ../fplib/microlib/fpfix.c                0x00000000   Number         0  dfixul.o ABSOLUTE
    ../fplib/microlib/fpmul.c                0x00000000   Number         0  dmul.o ABSOLUTE
    ..\Drivers\STM32F7xx_HAL_Driver\Src\stm32f7xx_hal.c 0x00000000   Number         0  stm32f7xx_hal.o ABSOLUTE
    ..\Drivers\STM32F7xx_HAL_Driver\Src\stm32f7xx_hal_cortex.c 0x00000000   Number         0  stm32f7xx_hal_cortex.o ABSOLUTE
    ..\Drivers\STM32F7xx_HAL_Driver\Src\stm32f7xx_hal_dma.c 0x00000000   Number         0  stm32f7xx_hal_dma.o ABSOLUTE
    ..\Drivers\STM32F7xx_HAL_Driver\Src\stm32f7xx_hal_dma_ex.c 0x00000000   Number         0  stm32f7xx_hal_dma_ex.o ABSOLUTE
    ..\Drivers\STM32F7xx_HAL_Driver\Src\stm32f7xx_hal_exti.c 0x00000000   Number         0  stm32f7xx_hal_exti.o ABSOLUTE
    ..\Drivers\STM32F7xx_HAL_Driver\Src\stm32f7xx_hal_flash.c 0x00000000   Number         0  stm32f7xx_hal_flash.o ABSOLUTE
    ..\Drivers\STM32F7xx_HAL_Driver\Src\stm32f7xx_hal_flash_ex.c 0x00000000   Number         0  stm32f7xx_hal_flash_ex.o ABSOLUTE
    ..\Drivers\STM32F7xx_HAL_Driver\Src\stm32f7xx_hal_gpio.c 0x00000000   Number         0  stm32f7xx_hal_gpio.o ABSOLUTE
    ..\Drivers\STM32F7xx_HAL_Driver\Src\stm32f7xx_hal_i2c.c 0x00000000   Number         0  stm32f7xx_hal_i2c.o ABSOLUTE
    ..\Drivers\STM32F7xx_HAL_Driver\Src\stm32f7xx_hal_i2c_ex.c 0x00000000   Number         0  stm32f7xx_hal_i2c_ex.o ABSOLUTE
    ..\Drivers\STM32F7xx_HAL_Driver\Src\stm32f7xx_hal_pwr.c 0x00000000   Number         0  stm32f7xx_hal_pwr.o ABSOLUTE
    ..\Drivers\STM32F7xx_HAL_Driver\Src\stm32f7xx_hal_pwr_ex.c 0x00000000   Number         0  stm32f7xx_hal_pwr_ex.o ABSOLUTE
    ..\Drivers\STM32F7xx_HAL_Driver\Src\stm32f7xx_hal_rcc.c 0x00000000   Number         0  stm32f7xx_hal_rcc.o ABSOLUTE
    ..\Drivers\STM32F7xx_HAL_Driver\Src\stm32f7xx_hal_rcc_ex.c 0x00000000   Number         0  stm32f7xx_hal_rcc_ex.o ABSOLUTE
    ..\Drivers\STM32F7xx_HAL_Driver\Src\stm32f7xx_hal_spi.c 0x00000000   Number         0  stm32f7xx_hal_spi.o ABSOLUTE
    ..\Drivers\STM32F7xx_HAL_Driver\Src\stm32f7xx_hal_spi_ex.c 0x00000000   Number         0  stm32f7xx_hal_spi_ex.o ABSOLUTE
    ..\Drivers\STM32F7xx_HAL_Driver\Src\stm32f7xx_hal_tim.c 0x00000000   Number         0  stm32f7xx_hal_tim.o ABSOLUTE
    ..\Drivers\STM32F7xx_HAL_Driver\Src\stm32f7xx_hal_tim_ex.c 0x00000000   Number         0  stm32f7xx_hal_tim_ex.o ABSOLUTE
    ..\Src\Motor.c                           0x00000000   Number         0  motor.o ABSOLUTE
    ..\Src\lcd_i2cModule.c                   0x00000000   Number         0  lcd_i2cmodule.o ABSOLUTE
    ..\Src\main.c                            0x00000000   Number         0  main.o ABSOLUTE
    ..\Src\nrf24l01.c                        0x00000000   Number         0  nrf24l01.o ABSOLUTE
    ..\Src\stm32f7xx_hal_msp.c               0x00000000   Number         0  stm32f7xx_hal_msp.o ABSOLUTE
    ..\Src\stm32f7xx_it.c                    0x00000000   Number         0  stm32f7xx_it.o ABSOLUTE
    ..\Src\system_stm32f7xx.c                0x00000000   Number         0  system_stm32f7xx.o ABSOLUTE
    ..\\Src\\Motor.c                         0x00000000   Number         0  motor.o ABSOLUTE
    ..\\Src\\lcd_i2cModule.c                 0x00000000   Number         0  lcd_i2cmodule.o ABSOLUTE
    ..\\Src\\nrf24l01.c                      0x00000000   Number         0  nrf24l01.o ABSOLUTE
    cdrcmple.s                               0x00000000   Number         0  cdrcmple.o ABSOLUTE
    dc.s                                     0x00000000   Number         0  dc.o ABSOLUTE
    handlers.s                               0x00000000   Number         0  handlers.o ABSOLUTE
    init.s                                   0x00000000   Number         0  init.o ABSOLUTE
    startup_stm32f767xx.s                    0x00000000   Number         0  startup_stm32f767xx.o ABSOLUTE
    RESET                                    0x08000000   Section      504  startup_stm32f767xx.o(RESET)
    .ARM.Collect$$$$00000000                 0x080001f8   Section        0  entry.o(.ARM.Collect$$$$00000000)
    .ARM.Collect$$$$00000001                 0x080001f8   Section        4  entry2.o(.ARM.Collect$$$$00000001)
    .ARM.Collect$$$$00000004                 0x080001fc   Section        4  entry5.o(.ARM.Collect$$$$00000004)
    .ARM.Collect$$$$00000008                 0x08000200   Section        0  entry7b.o(.ARM.Collect$$$$00000008)
    .ARM.Collect$$$$0000000A                 0x08000200   Section        0  entry8b.o(.ARM.Collect$$$$0000000A)
    .ARM.Collect$$$$0000000B                 0x08000200   Section        8  entry9a.o(.ARM.Collect$$$$0000000B)
    .ARM.Collect$$$$0000000D                 0x08000208   Section        0  entry10a.o(.ARM.Collect$$$$0000000D)
    .ARM.Collect$$$$0000000F                 0x08000208   Section        0  entry11a.o(.ARM.Collect$$$$0000000F)
    .ARM.Collect$$$$00002712                 0x08000208   Section        4  entry2.o(.ARM.Collect$$$$00002712)
    __lit__00000000                          0x08000208   Data           4  entry2.o(.ARM.Collect$$$$00002712)
    .text                                    0x0800020c   Section       36  startup_stm32f767xx.o(.text)
    $v0                                      0x0800020c   Number         0  startup_stm32f767xx.o(.text)
    .text                                    0x08000230   Section        0  uldiv.o(.text)
    .text                                    0x08000292   Section        0  memcpya.o(.text)
    .text                                    0x080002b6   Section        0  memseta.o(.text)
    .text                                    0x080002da   Section        0  strlen.o(.text)
    .text                                    0x080002e8   Section        0  uidiv.o(.text)
    .text                                    0x08000314   Section        0  llshl.o(.text)
    .text                                    0x08000332   Section        0  llushr.o(.text)
    .text                                    0x08000352   Section        0  iusefp.o(.text)
    .text                                    0x08000352   Section        0  dadd.o(.text)
    .text                                    0x080004a0   Section        0  dmul.o(.text)
    .text                                    0x08000584   Section        0  ddiv.o(.text)
    .text                                    0x08000662   Section        0  dfixul.o(.text)
    .text                                    0x08000694   Section       48  cdrcmple.o(.text)
    .text                                    0x080006c4   Section       36  init.o(.text)
    .text                                    0x080006e8   Section        0  llsshr.o(.text)
    .text                                    0x0800070c   Section        0  depilogue.o(.text)
    i.BusFault_Handler                       0x080007c6   Section        0  stm32f7xx_it.o(i.BusFault_Handler)
    i.DebugMon_Handler                       0x080007c8   Section        0  stm32f7xx_it.o(i.DebugMon_Handler)
    i.HAL_DMA_Abort_IT                       0x080007ca   Section        0  stm32f7xx_hal_dma.o(i.HAL_DMA_Abort_IT)
    i.HAL_Delay                              0x080007f0   Section        0  stm32f7xx_hal.o(i.HAL_Delay)
    i.HAL_GPIO_Init                          0x08000814   Section        0  stm32f7xx_hal_gpio.o(i.HAL_GPIO_Init)
    i.HAL_GPIO_WritePin                      0x080009ec   Section        0  stm32f7xx_hal_gpio.o(i.HAL_GPIO_WritePin)
    i.HAL_GetTick                            0x080009f8   Section        0  stm32f7xx_hal.o(i.HAL_GetTick)
    i.HAL_I2CEx_ConfigAnalogFilter           0x08000a04   Section        0  stm32f7xx_hal_i2c_ex.o(i.HAL_I2CEx_ConfigAnalogFilter)
    i.HAL_I2CEx_ConfigDigitalFilter          0x08000a5c   Section        0  stm32f7xx_hal_i2c_ex.o(i.HAL_I2CEx_ConfigDigitalFilter)
    i.HAL_I2C_AbortCpltCallback              0x08000ab0   Section        0  stm32f7xx_hal_i2c.o(i.HAL_I2C_AbortCpltCallback)
    i.HAL_I2C_AddrCallback                   0x08000ab2   Section        0  stm32f7xx_hal_i2c.o(i.HAL_I2C_AddrCallback)
    i.HAL_I2C_ER_IRQHandler                  0x08000ab4   Section        0  stm32f7xx_hal_i2c.o(i.HAL_I2C_ER_IRQHandler)
    i.HAL_I2C_EV_IRQHandler                  0x08000b1c   Section        0  stm32f7xx_hal_i2c.o(i.HAL_I2C_EV_IRQHandler)
    i.HAL_I2C_ErrorCallback                  0x08000b2c   Section        0  stm32f7xx_hal_i2c.o(i.HAL_I2C_ErrorCallback)
    i.HAL_I2C_Init                           0x08000b30   Section        0  stm32f7xx_hal_i2c.o(i.HAL_I2C_Init)
    i.HAL_I2C_ListenCpltCallback             0x08000be8   Section        0  stm32f7xx_hal_i2c.o(i.HAL_I2C_ListenCpltCallback)
    i.HAL_I2C_Master_Receive                 0x08000bec   Section        0  stm32f7xx_hal_i2c.o(i.HAL_I2C_Master_Receive)
    i.HAL_I2C_Master_Transmit                0x08000d10   Section        0  stm32f7xx_hal_i2c.o(i.HAL_I2C_Master_Transmit)
    i.HAL_I2C_MspInit                        0x08000e34   Section        0  stm32f7xx_hal_msp.o(i.HAL_I2C_MspInit)
    i.HAL_I2C_SlaveRxCpltCallback            0x08000eb8   Section        0  stm32f7xx_hal_i2c.o(i.HAL_I2C_SlaveRxCpltCallback)
    i.HAL_I2C_SlaveTxCpltCallback            0x08000eba   Section        0  stm32f7xx_hal_i2c.o(i.HAL_I2C_SlaveTxCpltCallback)
    i.HAL_IncTick                            0x08000ebc   Section        0  stm32f7xx_hal.o(i.HAL_IncTick)
    i.HAL_Init                               0x08000ecc   Section        0  stm32f7xx_hal.o(i.HAL_Init)
    i.HAL_InitTick                           0x08000ee4   Section        0  stm32f7xx_hal.o(i.HAL_InitTick)
    i.HAL_MspInit                            0x08000f24   Section        0  stm32f7xx_hal_msp.o(i.HAL_MspInit)
    i.HAL_NVIC_EnableIRQ                     0x08000f54   Section        0  stm32f7xx_hal_cortex.o(i.HAL_NVIC_EnableIRQ)
    i.HAL_NVIC_SetPriority                   0x08000f70   Section        0  stm32f7xx_hal_cortex.o(i.HAL_NVIC_SetPriority)
    i.HAL_NVIC_SetPriorityGrouping           0x08000fb0   Section        0  stm32f7xx_hal_cortex.o(i.HAL_NVIC_SetPriorityGrouping)
    i.HAL_RCCEx_PeriphCLKConfig              0x08000fd4   Section        0  stm32f7xx_hal_rcc_ex.o(i.HAL_RCCEx_PeriphCLKConfig)
    i.HAL_RCC_ClockConfig                    0x08001510   Section        0  stm32f7xx_hal_rcc.o(i.HAL_RCC_ClockConfig)
    i.HAL_RCC_GetSysClockFreq                0x0800163c   Section        0  stm32f7xx_hal_rcc.o(i.HAL_RCC_GetSysClockFreq)
    i.HAL_RCC_OscConfig                      0x080016a0   Section        0  stm32f7xx_hal_rcc.o(i.HAL_RCC_OscConfig)
    i.HAL_SPI_Init                           0x080019dc   Section        0  stm32f7xx_hal_spi.o(i.HAL_SPI_Init)
    i.HAL_SPI_MspInit                        0x08001aa0   Section        0  stm32f7xx_hal_msp.o(i.HAL_SPI_MspInit)
    i.HAL_SPI_Transmit                       0x08001b04   Section        0  stm32f7xx_hal_spi.o(i.HAL_SPI_Transmit)
    i.HAL_SPI_TransmitReceive                0x08001c7e   Section        0  stm32f7xx_hal_spi.o(i.HAL_SPI_TransmitReceive)
    i.HAL_SYSTICK_Config                     0x08001ede   Section        0  stm32f7xx_hal_cortex.o(i.HAL_SYSTICK_Config)
    i.HAL_TIMEx_Break2Callback               0x08001f04   Section        0  stm32f7xx_hal_tim_ex.o(i.HAL_TIMEx_Break2Callback)
    i.HAL_TIMEx_BreakCallback                0x08001f06   Section        0  stm32f7xx_hal_tim_ex.o(i.HAL_TIMEx_BreakCallback)
    i.HAL_TIMEx_CommutCallback               0x08001f08   Section        0  stm32f7xx_hal_tim_ex.o(i.HAL_TIMEx_CommutCallback)
    i.HAL_TIMEx_MasterConfigSynchronization  0x08001f0c   Section        0  stm32f7xx_hal_tim_ex.o(i.HAL_TIMEx_MasterConfigSynchronization)
    i.HAL_TIM_Base_Init                      0x08001f6c   Section        0  stm32f7xx_hal_tim.o(i.HAL_TIM_Base_Init)
    i.HAL_TIM_Base_MspInit                   0x08001fa4   Section        0  stm32f7xx_hal_msp.o(i.HAL_TIM_Base_MspInit)
    i.HAL_TIM_Base_Start_IT                  0x08001fe0   Section        0  stm32f7xx_hal_tim.o(i.HAL_TIM_Base_Start_IT)
    i.HAL_TIM_ConfigClockSource              0x0800200c   Section        0  stm32f7xx_hal_tim.o(i.HAL_TIM_ConfigClockSource)
    i.HAL_TIM_Encoder_Init                   0x080020e8   Section        0  stm32f7xx_hal_tim.o(i.HAL_TIM_Encoder_Init)
    i.HAL_TIM_Encoder_MspInit                0x08002190   Section        0  stm32f7xx_hal_msp.o(i.HAL_TIM_Encoder_MspInit)
    i.HAL_TIM_Encoder_Start                  0x080021f8   Section        0  stm32f7xx_hal_tim.o(i.HAL_TIM_Encoder_Start)
    i.HAL_TIM_IC_CaptureCallback             0x0800222c   Section        0  stm32f7xx_hal_tim.o(i.HAL_TIM_IC_CaptureCallback)
    i.HAL_TIM_IRQHandler                     0x0800222e   Section        0  stm32f7xx_hal_tim.o(i.HAL_TIM_IRQHandler)
    i.HAL_TIM_MspPostInit                    0x080023b0   Section        0  stm32f7xx_hal_msp.o(i.HAL_TIM_MspPostInit)
    i.HAL_TIM_OC_DelayElapsedCallback        0x080023fc   Section        0  stm32f7xx_hal_tim.o(i.HAL_TIM_OC_DelayElapsedCallback)
    i.HAL_TIM_PWM_ConfigChannel              0x080023fe   Section        0  stm32f7xx_hal_tim.o(i.HAL_TIM_PWM_ConfigChannel)
    i.HAL_TIM_PWM_Init                       0x08002526   Section        0  stm32f7xx_hal_tim.o(i.HAL_TIM_PWM_Init)
    i.HAL_TIM_PWM_MspInit                    0x0800255c   Section        0  stm32f7xx_hal_msp.o(i.HAL_TIM_PWM_MspInit)
    i.HAL_TIM_PWM_PulseFinishedCallback      0x08002580   Section        0  stm32f7xx_hal_tim.o(i.HAL_TIM_PWM_PulseFinishedCallback)
    i.HAL_TIM_PWM_Start                      0x08002584   Section        0  stm32f7xx_hal_tim.o(i.HAL_TIM_PWM_Start)
    i.HAL_TIM_PeriodElapsedCallback          0x080025d0   Section        0  main.o(i.HAL_TIM_PeriodElapsedCallback)
    i.HAL_TIM_TriggerCallback                0x08002704   Section        0  stm32f7xx_hal_tim.o(i.HAL_TIM_TriggerCallback)
    i.HardFault_Handler                      0x08002706   Section        0  stm32f7xx_it.o(i.HardFault_Handler)
    i.I2C2_ER_IRQHandler                     0x08002708   Section        0  stm32f7xx_it.o(i.I2C2_ER_IRQHandler)
    i.I2C2_EV_IRQHandler                     0x08002714   Section        0  stm32f7xx_it.o(i.I2C2_EV_IRQHandler)
    i.I2C_DMAAbort                           0x08002720   Section        0  stm32f7xx_hal_i2c.o(i.I2C_DMAAbort)
    I2C_DMAAbort                             0x08002721   Thumb Code    40  stm32f7xx_hal_i2c.o(i.I2C_DMAAbort)
    i.I2C_Disable_IRQ                        0x08002748   Section        0  stm32f7xx_hal_i2c.o(i.I2C_Disable_IRQ)
    I2C_Disable_IRQ                          0x08002749   Thumb Code    86  stm32f7xx_hal_i2c.o(i.I2C_Disable_IRQ)
    i.I2C_Flush_TXDR                         0x0800279e   Section        0  stm32f7xx_hal_i2c.o(i.I2C_Flush_TXDR)
    I2C_Flush_TXDR                           0x0800279f   Thumb Code    34  stm32f7xx_hal_i2c.o(i.I2C_Flush_TXDR)
    i.I2C_ITAddrCplt                         0x080027c0   Section        0  stm32f7xx_hal_i2c.o(i.I2C_ITAddrCplt)
    I2C_ITAddrCplt                           0x080027c1   Thumb Code   136  stm32f7xx_hal_i2c.o(i.I2C_ITAddrCplt)
    i.I2C_ITError                            0x08002848   Section        0  stm32f7xx_hal_i2c.o(i.I2C_ITError)
    I2C_ITError                              0x08002849   Thumb Code   212  stm32f7xx_hal_i2c.o(i.I2C_ITError)
    i.I2C_ITListenCplt                       0x08002928   Section        0  stm32f7xx_hal_i2c.o(i.I2C_ITListenCplt)
    I2C_ITListenCplt                         0x08002929   Thumb Code    94  stm32f7xx_hal_i2c.o(i.I2C_ITListenCplt)
    i.I2C_ITSlaveCplt                        0x0800298c   Section        0  stm32f7xx_hal_i2c.o(i.I2C_ITSlaveCplt)
    I2C_ITSlaveCplt                          0x0800298d   Thumb Code   230  stm32f7xx_hal_i2c.o(i.I2C_ITSlaveCplt)
    i.I2C_ITSlaveSeqCplt                     0x08002a7c   Section        0  stm32f7xx_hal_i2c.o(i.I2C_ITSlaveSeqCplt)
    I2C_ITSlaveSeqCplt                       0x08002a7d   Thumb Code    84  stm32f7xx_hal_i2c.o(i.I2C_ITSlaveSeqCplt)
    i.I2C_IsAcknowledgeFailed                0x08002ad0   Section        0  stm32f7xx_hal_i2c.o(i.I2C_IsAcknowledgeFailed)
    I2C_IsAcknowledgeFailed                  0x08002ad1   Thumb Code   132  stm32f7xx_hal_i2c.o(i.I2C_IsAcknowledgeFailed)
    i.I2C_Slave_ISR_IT                       0x08002b58   Section        0  stm32f7xx_hal_i2c.o(i.I2C_Slave_ISR_IT)
    I2C_Slave_ISR_IT                         0x08002b59   Thumb Code   288  stm32f7xx_hal_i2c.o(i.I2C_Slave_ISR_IT)
    i.I2C_TransferConfig                     0x08002c7c   Section        0  stm32f7xx_hal_i2c.o(i.I2C_TransferConfig)
    I2C_TransferConfig                       0x08002c7d   Thumb Code    40  stm32f7xx_hal_i2c.o(i.I2C_TransferConfig)
    i.I2C_WaitOnFlagUntilTimeout             0x08002ca8   Section        0  stm32f7xx_hal_i2c.o(i.I2C_WaitOnFlagUntilTimeout)
    I2C_WaitOnFlagUntilTimeout               0x08002ca9   Thumb Code    90  stm32f7xx_hal_i2c.o(i.I2C_WaitOnFlagUntilTimeout)
    i.I2C_WaitOnRXNEFlagUntilTimeout         0x08002d04   Section        0  stm32f7xx_hal_i2c.o(i.I2C_WaitOnRXNEFlagUntilTimeout)
    I2C_WaitOnRXNEFlagUntilTimeout           0x08002d05   Thumb Code   130  stm32f7xx_hal_i2c.o(i.I2C_WaitOnRXNEFlagUntilTimeout)
    i.I2C_WaitOnSTOPFlagUntilTimeout         0x08002d8c   Section        0  stm32f7xx_hal_i2c.o(i.I2C_WaitOnSTOPFlagUntilTimeout)
    I2C_WaitOnSTOPFlagUntilTimeout           0x08002d8d   Thumb Code    78  stm32f7xx_hal_i2c.o(i.I2C_WaitOnSTOPFlagUntilTimeout)
    i.I2C_WaitOnTXISFlagUntilTimeout         0x08002dda   Section        0  stm32f7xx_hal_i2c.o(i.I2C_WaitOnTXISFlagUntilTimeout)
    I2C_WaitOnTXISFlagUntilTimeout           0x08002ddb   Thumb Code    82  stm32f7xx_hal_i2c.o(i.I2C_WaitOnTXISFlagUntilTimeout)
    i.LCD_BackLight                          0x08002e2c   Section        0  lcd_i2cmodule.o(i.LCD_BackLight)
    i.LCD_Clear                              0x08002e48   Section        0  lcd_i2cmodule.o(i.LCD_Clear)
    i.LCD_Init                               0x08002e68   Section        0  lcd_i2cmodule.o(i.LCD_Init)
    i.LCD_Print                              0x08002eae   Section        0  lcd_i2cmodule.o(i.LCD_Print)
    i.LCD_Send_String                        0x08002ed0   Section        0  lcd_i2cmodule.o(i.LCD_Send_String)
    i.LCD_SetCursor                          0x08002fa0   Section        0  lcd_i2cmodule.o(i.LCD_SetCursor)
    i.LCD_Set_Command                        0x08002fd4   Section        0  lcd_i2cmodule.o(i.LCD_Set_Command)
    i.LCD_Write_Data                         0x08003020   Section        0  lcd_i2cmodule.o(i.LCD_Write_Data)
    i.MX_GPIO_Init                           0x08003074   Section        0  main.o(i.MX_GPIO_Init)
    MX_GPIO_Init                             0x08003075   Thumb Code   210  main.o(i.MX_GPIO_Init)
    i.MX_I2C2_Init                           0x0800315c   Section        0  main.o(i.MX_I2C2_Init)
    MX_I2C2_Init                             0x0800315d   Thumb Code    54  main.o(i.MX_I2C2_Init)
    i.MX_SPI1_Init                           0x080031a0   Section        0  main.o(i.MX_SPI1_Init)
    MX_SPI1_Init                             0x080031a1   Thumb Code    58  main.o(i.MX_SPI1_Init)
    i.MX_TIM1_Init                           0x080031e4   Section        0  main.o(i.MX_TIM1_Init)
    MX_TIM1_Init                             0x080031e5   Thumb Code    80  main.o(i.MX_TIM1_Init)
    i.MX_TIM2_Init                           0x0800323c   Section        0  main.o(i.MX_TIM2_Init)
    MX_TIM2_Init                             0x0800323d   Thumb Code    88  main.o(i.MX_TIM2_Init)
    i.MX_TIM3_Init                           0x08003298   Section        0  main.o(i.MX_TIM3_Init)
    MX_TIM3_Init                             0x08003299   Thumb Code    84  main.o(i.MX_TIM3_Init)
    i.MemManage_Handler                      0x080032f4   Section        0  stm32f7xx_it.o(i.MemManage_Handler)
    i.Motor                                  0x080032f8   Section        0  motor.o(i.Motor)
    i.NMI_Handler                            0x08003354   Section        0  stm32f7xx_it.o(i.NMI_Handler)
    i.NRF24L01_FlushRX                       0x08003358   Section        0  nrf24l01.o(i.NRF24L01_FlushRX)
    i.NRF24L01_FlushTX                       0x0800338c   Section        0  nrf24l01.o(i.NRF24L01_FlushTX)
    i.PendSV_Handler                         0x080033c0   Section        0  stm32f7xx_it.o(i.PendSV_Handler)
    i.SPI_EndRxTxTransaction                 0x080033c2   Section        0  stm32f7xx_hal_spi.o(i.SPI_EndRxTxTransaction)
    SPI_EndRxTxTransaction                   0x080033c3   Thumb Code    72  stm32f7xx_hal_spi.o(i.SPI_EndRxTxTransaction)
    i.SPI_WaitFifoStateUntilTimeout          0x0800340a   Section        0  stm32f7xx_hal_spi.o(i.SPI_WaitFifoStateUntilTimeout)
    SPI_WaitFifoStateUntilTimeout            0x0800340b   Thumb Code   150  stm32f7xx_hal_spi.o(i.SPI_WaitFifoStateUntilTimeout)
    i.SPI_WaitFlagStateUntilTimeout          0x080034a0   Section        0  stm32f7xx_hal_spi.o(i.SPI_WaitFlagStateUntilTimeout)
    SPI_WaitFlagStateUntilTimeout            0x080034a1   Thumb Code   148  stm32f7xx_hal_spi.o(i.SPI_WaitFlagStateUntilTimeout)
    i.SVC_Handler                            0x08003534   Section        0  stm32f7xx_it.o(i.SVC_Handler)
    i.SysTick_Handler                        0x08003536   Section        0  stm32f7xx_it.o(i.SysTick_Handler)
    i.SystemClock_Config                     0x0800353c   Section        0  main.o(i.SystemClock_Config)
    i.SystemInit                             0x080035d8   Section        0  system_stm32f7xx.o(i.SystemInit)
    i.TIM1_UP_TIM10_IRQHandler               0x0800362c   Section        0  stm32f7xx_it.o(i.TIM1_UP_TIM10_IRQHandler)
    i.TIM_Base_SetConfig                     0x08003638   Section        0  stm32f7xx_hal_tim.o(i.TIM_Base_SetConfig)
    i.TIM_CCxChannelCmd                      0x08003704   Section        0  stm32f7xx_hal_tim.o(i.TIM_CCxChannelCmd)
    i.TIM_ETR_SetConfig                      0x0800371e   Section        0  stm32f7xx_hal_tim.o(i.TIM_ETR_SetConfig)
    i.TIM_ITRx_SetConfig                     0x08003730   Section        0  stm32f7xx_hal_tim.o(i.TIM_ITRx_SetConfig)
    TIM_ITRx_SetConfig                       0x08003731   Thumb Code    16  stm32f7xx_hal_tim.o(i.TIM_ITRx_SetConfig)
    i.TIM_OC1_SetConfig                      0x08003740   Section        0  stm32f7xx_hal_tim.o(i.TIM_OC1_SetConfig)
    TIM_OC1_SetConfig                        0x08003741   Thumb Code   102  stm32f7xx_hal_tim.o(i.TIM_OC1_SetConfig)
    i.TIM_OC2_SetConfig                      0x080037b4   Section        0  stm32f7xx_hal_tim.o(i.TIM_OC2_SetConfig)
    i.TIM_OC3_SetConfig                      0x0800382c   Section        0  stm32f7xx_hal_tim.o(i.TIM_OC3_SetConfig)
    TIM_OC3_SetConfig                        0x0800382d   Thumb Code   108  stm32f7xx_hal_tim.o(i.TIM_OC3_SetConfig)
    i.TIM_OC4_SetConfig                      0x080038a4   Section        0  stm32f7xx_hal_tim.o(i.TIM_OC4_SetConfig)
    TIM_OC4_SetConfig                        0x080038a5   Thumb Code    76  stm32f7xx_hal_tim.o(i.TIM_OC4_SetConfig)
    i.TIM_OC5_SetConfig                      0x080038fc   Section        0  stm32f7xx_hal_tim.o(i.TIM_OC5_SetConfig)
    TIM_OC5_SetConfig                        0x080038fd   Thumb Code    74  stm32f7xx_hal_tim.o(i.TIM_OC5_SetConfig)
    i.TIM_OC6_SetConfig                      0x08003954   Section        0  stm32f7xx_hal_tim.o(i.TIM_OC6_SetConfig)
    TIM_OC6_SetConfig                        0x08003955   Thumb Code    74  stm32f7xx_hal_tim.o(i.TIM_OC6_SetConfig)
    i.TIM_TI1_ConfigInputStage               0x080039ac   Section        0  stm32f7xx_hal_tim.o(i.TIM_TI1_ConfigInputStage)
    TIM_TI1_ConfigInputStage                 0x080039ad   Thumb Code    34  stm32f7xx_hal_tim.o(i.TIM_TI1_ConfigInputStage)
    i.TIM_TI2_ConfigInputStage               0x080039ce   Section        0  stm32f7xx_hal_tim.o(i.TIM_TI2_ConfigInputStage)
    TIM_TI2_ConfigInputStage                 0x080039cf   Thumb Code    36  stm32f7xx_hal_tim.o(i.TIM_TI2_ConfigInputStage)
    i.TM_NRF24L01_Clear_Interrupts           0x080039f2   Section        0  nrf24l01.o(i.TM_NRF24L01_Clear_Interrupts)
    i.TM_NRF24L01_Init                       0x080039fc   Section        0  nrf24l01.o(i.TM_NRF24L01_Init)
    i.TM_NRF24L01_InitPins                   0x08003ad0   Section        0  nrf24l01.o(i.TM_NRF24L01_InitPins)
    i.TM_NRF24L01_PowerUpRx                  0x08003af0   Section        0  nrf24l01.o(i.TM_NRF24L01_PowerUpRx)
    i.TM_NRF24L01_PowerUpTx                  0x08003b28   Section        0  nrf24l01.o(i.TM_NRF24L01_PowerUpTx)
    i.TM_NRF24L01_ReadRegister               0x08003b40   Section        0  nrf24l01.o(i.TM_NRF24L01_ReadRegister)
    i.TM_NRF24L01_SetChannel                 0x08003b90   Section        0  nrf24l01.o(i.TM_NRF24L01_SetChannel)
    i.TM_NRF24L01_SetMyAddress               0x08003bac   Section        0  nrf24l01.o(i.TM_NRF24L01_SetMyAddress)
    i.TM_NRF24L01_SetRF                      0x08003bdc   Section        0  nrf24l01.o(i.TM_NRF24L01_SetRF)
    i.TM_NRF24L01_SetTxAddress               0x08003c20   Section        0  nrf24l01.o(i.TM_NRF24L01_SetTxAddress)
    i.TM_NRF24L01_SoftwareReset              0x08003c40   Section        0  nrf24l01.o(i.TM_NRF24L01_SoftwareReset)
    i.TM_NRF24L01_WriteRegister              0x08003d90   Section        0  nrf24l01.o(i.TM_NRF24L01_WriteRegister)
    i.TM_NRF24L01_WriteRegisterMulti         0x08003dd8   Section        0  nrf24l01.o(i.TM_NRF24L01_WriteRegisterMulti)
    i.TM_NRF24L01_disableAutoAcknowledge     0x08003e28   Section        0  nrf24l01.o(i.TM_NRF24L01_disableAutoAcknowledge)
    i.TM_NRF24L01_setCrcWidth                0x08003e30   Section        0  nrf24l01.o(i.TM_NRF24L01_setCrcWidth)
    i.UsageFault_Handler                     0x08003e5c   Section        0  stm32f7xx_it.o(i.UsageFault_Handler)
    i.__0sprintf                             0x08003e60   Section        0  printfa.o(i.__0sprintf)
    i.__NVIC_SetPriority                     0x08003e88   Section        0  stm32f7xx_hal_cortex.o(i.__NVIC_SetPriority)
    __NVIC_SetPriority                       0x08003e89   Thumb Code    34  stm32f7xx_hal_cortex.o(i.__NVIC_SetPriority)
    i.__scatterload_copy                     0x08003eaa   Section       14  handlers.o(i.__scatterload_copy)
    i.__scatterload_null                     0x08003eb8   Section        2  handlers.o(i.__scatterload_null)
    i.__scatterload_zeroinit                 0x08003eba   Section       14  handlers.o(i.__scatterload_zeroinit)
    i._fp_digits                             0x08003ec8   Section        0  printfa.o(i._fp_digits)
    _fp_digits                               0x08003ec9   Thumb Code   366  printfa.o(i._fp_digits)
    i._printf_core                           0x0800404c   Section        0  printfa.o(i._printf_core)
    _printf_core                             0x0800404d   Thumb Code  1744  printfa.o(i._printf_core)
    i._printf_post_padding                   0x08004728   Section        0  printfa.o(i._printf_post_padding)
    _printf_post_padding                     0x08004729   Thumb Code    36  printfa.o(i._printf_post_padding)
    i._printf_pre_padding                    0x0800474c   Section        0  printfa.o(i._printf_pre_padding)
    _printf_pre_padding                      0x0800474d   Thumb Code    46  printfa.o(i._printf_pre_padding)
    i._sputc                                 0x0800477a   Section        0  printfa.o(i._sputc)
    _sputc                                   0x0800477b   Thumb Code    10  printfa.o(i._sputc)
    i.hi2cx_define                           0x08004784   Section        0  lcd_i2cmodule.o(i.hi2cx_define)
    hi2cx_define                             0x08004785   Thumb Code    68  lcd_i2cmodule.o(i.hi2cx_define)
    i.main                                   0x080047d0   Section        0  main.o(i.main)
    .constdata                               0x080048a4   Section       80  lcd_i2cmodule.o(.constdata)
    Cursor_Data                              0x080048a4   Data          80  lcd_i2cmodule.o(.constdata)
    .constdata                               0x080048f4   Section       16  system_stm32f7xx.o(.constdata)
    .data                                    0x20000000   Section       20  lcd_i2cmodule.o(.data)
    Mask_Data                                0x20000001   Data           1  lcd_i2cmodule.o(.data)
    line_pos                                 0x20000002   Data           1  lcd_i2cmodule.o(.data)
    str_len                                  0x20000003   Data           1  lcd_i2cmodule.o(.data)
    ch_len                                   0x20000004   Data           1  lcd_i2cmodule.o(.data)
    data_M                                   0x20000005   Data           1  lcd_i2cmodule.o(.data)
    data_L                                   0x20000006   Data           1  lcd_i2cmodule.o(.data)
    data_BL                                  0x20000007   Data           1  lcd_i2cmodule.o(.data)
    i                                        0x20000008   Data           4  lcd_i2cmodule.o(.data)
    c                                        0x2000000c   Data           4  lcd_i2cmodule.o(.data)
    data                                     0x20000010   Data           4  lcd_i2cmodule.o(.data)
    .data                                    0x20000014   Section        4  nrf24l01.o(.data)
    TM_NRF24L01_Struct                       0x20000014   Data           4  nrf24l01.o(.data)
    .data                                    0x20000018   Section       26  main.o(.data)
    .data                                    0x20000034   Section       12  stm32f7xx_hal.o(.data)
    .data                                    0x20000040   Section        4  system_stm32f7xx.o(.data)
    .bss                                     0x20000044   Section      476  lcd_i2cmodule.o(.bss)
    buffer                                   0x20000044   Data         400  lcd_i2cmodule.o(.bss)
    .bss                                     0x20000220   Section      368  main.o(.bss)
    STACK                                    0x20000390   Section     1024  startup_stm32f767xx.o(STACK)

    Global Symbols

    Symbol Name                              Value     Ov Type        Size  Object(Section)

    BuildAttributes$$THM_ISAv4$E$P$D$K$B$S$7EM$VFPv5_D16$PE$PLD8$A:L22UL41UL21$X:L11$S22US41US21$IEEE1$IW$USESV6$~STKCKD$USESV7$~SHL$OSPACE$ROPI$EBA8$MICROLIB$REQ8$PRES8$EABIv2 0x00000000   Number         0  anon$$obj.o ABSOLUTE
    __ARM_use_no_argv                        0x00000000   Number         0  main.o ABSOLUTE
    __cpp_initialize__aeabi_                  - Undefined Weak Reference
    __cxa_finalize                            - Undefined Weak Reference
    __decompress                              - Undefined Weak Reference
    _clock_init                               - Undefined Weak Reference
    _microlib_exit                            - Undefined Weak Reference
    __Vectors_Size                           0x000001f8   Number         0  startup_stm32f767xx.o ABSOLUTE
    __Vectors                                0x08000000   Data           4  startup_stm32f767xx.o(RESET)
    __Vectors_End                            0x080001f8   Data           0  startup_stm32f767xx.o(RESET)
    __main                                   0x080001f9   Thumb Code     0  entry.o(.ARM.Collect$$$$00000000)
    _main_stk                                0x080001f9   Thumb Code     0  entry2.o(.ARM.Collect$$$$00000001)
    _main_scatterload                        0x080001fd   Thumb Code     0  entry5.o(.ARM.Collect$$$$00000004)
    __main_after_scatterload                 0x08000201   Thumb Code     0  entry5.o(.ARM.Collect$$$$00000004)
    _main_clock                              0x08000201   Thumb Code     0  entry7b.o(.ARM.Collect$$$$00000008)
    _main_cpp_init                           0x08000201   Thumb Code     0  entry8b.o(.ARM.Collect$$$$0000000A)
    _main_init                               0x08000201   Thumb Code     0  entry9a.o(.ARM.Collect$$$$0000000B)
    __rt_final_cpp                           0x08000209   Thumb Code     0  entry10a.o(.ARM.Collect$$$$0000000D)
    __rt_final_exit                          0x08000209   Thumb Code     0  entry11a.o(.ARM.Collect$$$$0000000F)
    Reset_Handler                            0x0800020d   Thumb Code     8  startup_stm32f767xx.o(.text)
    ADC_IRQHandler                           0x08000227   Thumb Code     0  startup_stm32f767xx.o(.text)
    CAN1_RX0_IRQHandler                      0x08000227   Thumb Code     0  startup_stm32f767xx.o(.text)
    CAN1_RX1_IRQHandler                      0x08000227   Thumb Code     0  startup_stm32f767xx.o(.text)
    CAN1_SCE_IRQHandler                      0x08000227   Thumb Code     0  startup_stm32f767xx.o(.text)
    CAN1_TX_IRQHandler                       0x08000227   Thumb Code     0  startup_stm32f767xx.o(.text)
    CAN2_RX0_IRQHandler                      0x08000227   Thumb Code     0  startup_stm32f767xx.o(.text)
    CAN2_RX1_IRQHandler                      0x08000227   Thumb Code     0  startup_stm32f767xx.o(.text)
    CAN2_SCE_IRQHandler                      0x08000227   Thumb Code     0  startup_stm32f767xx.o(.text)
    CAN2_TX_IRQHandler                       0x08000227   Thumb Code     0  startup_stm32f767xx.o(.text)
    CAN3_RX0_IRQHandler                      0x08000227   Thumb Code     0  startup_stm32f767xx.o(.text)
    CAN3_RX1_IRQHandler                      0x08000227   Thumb Code     0  startup_stm32f767xx.o(.text)
    CAN3_SCE_IRQHandler                      0x08000227   Thumb Code     0  startup_stm32f767xx.o(.text)
    CAN3_TX_IRQHandler                       0x08000227   Thumb Code     0  startup_stm32f767xx.o(.text)
    CEC_IRQHandler                           0x08000227   Thumb Code     0  startup_stm32f767xx.o(.text)
    DCMI_IRQHandler                          0x08000227   Thumb Code     0  startup_stm32f767xx.o(.text)
    DFSDM1_FLT0_IRQHandler                   0x08000227   Thumb Code     0  startup_stm32f767xx.o(.text)
    DFSDM1_FLT1_IRQHandler                   0x08000227   Thumb Code     0  startup_stm32f767xx.o(.text)
    DFSDM1_FLT2_IRQHandler                   0x08000227   Thumb Code     0  startup_stm32f767xx.o(.text)
    DFSDM1_FLT3_IRQHandler                   0x08000227   Thumb Code     0  startup_stm32f767xx.o(.text)
    DMA1_Stream0_IRQHandler                  0x08000227   Thumb Code     0  startup_stm32f767xx.o(.text)
    DMA1_Stream1_IRQHandler                  0x08000227   Thumb Code     0  startup_stm32f767xx.o(.text)
    DMA1_Stream2_IRQHandler                  0x08000227   Thumb Code     0  startup_stm32f767xx.o(.text)
    DMA1_Stream3_IRQHandler                  0x08000227   Thumb Code     0  startup_stm32f767xx.o(.text)
    DMA1_Stream4_IRQHandler                  0x08000227   Thumb Code     0  startup_stm32f767xx.o(.text)
    DMA1_Stream5_IRQHandler                  0x08000227   Thumb Code     0  startup_stm32f767xx.o(.text)
    DMA1_Stream6_IRQHandler                  0x08000227   Thumb Code     0  startup_stm32f767xx.o(.text)
    DMA1_Stream7_IRQHandler                  0x08000227   Thumb Code     0  startup_stm32f767xx.o(.text)
    DMA2D_IRQHandler                         0x08000227   Thumb Code     0  startup_stm32f767xx.o(.text)
    DMA2_Stream0_IRQHandler                  0x08000227   Thumb Code     0  startup_stm32f767xx.o(.text)
    DMA2_Stream1_IRQHandler                  0x08000227   Thumb Code     0  startup_stm32f767xx.o(.text)
    DMA2_Stream2_IRQHandler                  0x08000227   Thumb Code     0  startup_stm32f767xx.o(.text)
    DMA2_Stream3_IRQHandler                  0x08000227   Thumb Code     0  startup_stm32f767xx.o(.text)
    DMA2_Stream4_IRQHandler                  0x08000227   Thumb Code     0  startup_stm32f767xx.o(.text)
    DMA2_Stream5_IRQHandler                  0x08000227   Thumb Code     0  startup_stm32f767xx.o(.text)
    DMA2_Stream6_IRQHandler                  0x08000227   Thumb Code     0  startup_stm32f767xx.o(.text)
    DMA2_Stream7_IRQHandler                  0x08000227   Thumb Code     0  startup_stm32f767xx.o(.text)
    ETH_IRQHandler                           0x08000227   Thumb Code     0  startup_stm32f767xx.o(.text)
    ETH_WKUP_IRQHandler                      0x08000227   Thumb Code     0  startup_stm32f767xx.o(.text)
    EXTI0_IRQHandler                         0x08000227   Thumb Code     0  startup_stm32f767xx.o(.text)
    EXTI15_10_IRQHandler                     0x08000227   Thumb Code     0  startup_stm32f767xx.o(.text)
    EXTI1_IRQHandler                         0x08000227   Thumb Code     0  startup_stm32f767xx.o(.text)
    EXTI2_IRQHandler                         0x08000227   Thumb Code     0  startup_stm32f767xx.o(.text)
    EXTI3_IRQHandler                         0x08000227   Thumb Code     0  startup_stm32f767xx.o(.text)
    EXTI4_IRQHandler                         0x08000227   Thumb Code     0  startup_stm32f767xx.o(.text)
    EXTI9_5_IRQHandler                       0x08000227   Thumb Code     0  startup_stm32f767xx.o(.text)
    FLASH_IRQHandler                         0x08000227   Thumb Code     0  startup_stm32f767xx.o(.text)
    FMC_IRQHandler                           0x08000227   Thumb Code     0  startup_stm32f767xx.o(.text)
    FPU_IRQHandler                           0x08000227   Thumb Code     0  startup_stm32f767xx.o(.text)
    I2C1_ER_IRQHandler                       0x08000227   Thumb Code     0  startup_stm32f767xx.o(.text)
    I2C1_EV_IRQHandler                       0x08000227   Thumb Code     0  startup_stm32f767xx.o(.text)
    I2C3_ER_IRQHandler                       0x08000227   Thumb Code     0  startup_stm32f767xx.o(.text)
    I2C3_EV_IRQHandler                       0x08000227   Thumb Code     0  startup_stm32f767xx.o(.text)
    I2C4_ER_IRQHandler                       0x08000227   Thumb Code     0  startup_stm32f767xx.o(.text)
    I2C4_EV_IRQHandler                       0x08000227   Thumb Code     0  startup_stm32f767xx.o(.text)
    JPEG_IRQHandler                          0x08000227   Thumb Code     0  startup_stm32f767xx.o(.text)
    LPTIM1_IRQHandler                        0x08000227   Thumb Code     0  startup_stm32f767xx.o(.text)
    LTDC_ER_IRQHandler                       0x08000227   Thumb Code     0  startup_stm32f767xx.o(.text)
    LTDC_IRQHandler                          0x08000227   Thumb Code     0  startup_stm32f767xx.o(.text)
    MDIOS_IRQHandler                         0x08000227   Thumb Code     0  startup_stm32f767xx.o(.text)
    OTG_FS_IRQHandler                        0x08000227   Thumb Code     0  startup_stm32f767xx.o(.text)
    OTG_FS_WKUP_IRQHandler                   0x08000227   Thumb Code     0  startup_stm32f767xx.o(.text)
    OTG_HS_EP1_IN_IRQHandler                 0x08000227   Thumb Code     0  startup_stm32f767xx.o(.text)
    OTG_HS_EP1_OUT_IRQHandler                0x08000227   Thumb Code     0  startup_stm32f767xx.o(.text)
    OTG_HS_IRQHandler                        0x08000227   Thumb Code     0  startup_stm32f767xx.o(.text)
    OTG_HS_WKUP_IRQHandler                   0x08000227   Thumb Code     0  startup_stm32f767xx.o(.text)
    PVD_IRQHandler                           0x08000227   Thumb Code     0  startup_stm32f767xx.o(.text)
    QUADSPI_IRQHandler                       0x08000227   Thumb Code     0  startup_stm32f767xx.o(.text)
    RCC_IRQHandler                           0x08000227   Thumb Code     0  startup_stm32f767xx.o(.text)
    RNG_IRQHandler                           0x08000227   Thumb Code     0  startup_stm32f767xx.o(.text)
    RTC_Alarm_IRQHandler                     0x08000227   Thumb Code     0  startup_stm32f767xx.o(.text)
    RTC_WKUP_IRQHandler                      0x08000227   Thumb Code     0  startup_stm32f767xx.o(.text)
    SAI1_IRQHandler                          0x08000227   Thumb Code     0  startup_stm32f767xx.o(.text)
    SAI2_IRQHandler                          0x08000227   Thumb Code     0  startup_stm32f767xx.o(.text)
    SDMMC1_IRQHandler                        0x08000227   Thumb Code     0  startup_stm32f767xx.o(.text)
    SDMMC2_IRQHandler                        0x08000227   Thumb Code     0  startup_stm32f767xx.o(.text)
    SPDIF_RX_IRQHandler                      0x08000227   Thumb Code     0  startup_stm32f767xx.o(.text)
    SPI1_IRQHandler                          0x08000227   Thumb Code     0  startup_stm32f767xx.o(.text)
    SPI2_IRQHandler                          0x08000227   Thumb Code     0  startup_stm32f767xx.o(.text)
    SPI3_IRQHandler                          0x08000227   Thumb Code     0  startup_stm32f767xx.o(.text)
    SPI4_IRQHandler                          0x08000227   Thumb Code     0  startup_stm32f767xx.o(.text)
    SPI5_IRQHandler                          0x08000227   Thumb Code     0  startup_stm32f767xx.o(.text)
    SPI6_IRQHandler                          0x08000227   Thumb Code     0  startup_stm32f767xx.o(.text)
    TAMP_STAMP_IRQHandler                    0x08000227   Thumb Code     0  startup_stm32f767xx.o(.text)
    TIM1_BRK_TIM9_IRQHandler                 0x08000227   Thumb Code     0  startup_stm32f767xx.o(.text)
    TIM1_CC_IRQHandler                       0x08000227   Thumb Code     0  startup_stm32f767xx.o(.text)
    TIM1_TRG_COM_TIM11_IRQHandler            0x08000227   Thumb Code     0  startup_stm32f767xx.o(.text)
    TIM2_IRQHandler                          0x08000227   Thumb Code     0  startup_stm32f767xx.o(.text)
    TIM3_IRQHandler                          0x08000227   Thumb Code     0  startup_stm32f767xx.o(.text)
    TIM4_IRQHandler                          0x08000227   Thumb Code     0  startup_stm32f767xx.o(.text)
    TIM5_IRQHandler                          0x08000227   Thumb Code     0  startup_stm32f767xx.o(.text)
    TIM6_DAC_IRQHandler                      0x08000227   Thumb Code     0  startup_stm32f767xx.o(.text)
    TIM7_IRQHandler                          0x08000227   Thumb Code     0  startup_stm32f767xx.o(.text)
    TIM8_BRK_TIM12_IRQHandler                0x08000227   Thumb Code     0  startup_stm32f767xx.o(.text)
    TIM8_CC_IRQHandler                       0x08000227   Thumb Code     0  startup_stm32f767xx.o(.text)
    TIM8_TRG_COM_TIM14_IRQHandler            0x08000227   Thumb Code     0  startup_stm32f767xx.o(.text)
    TIM8_UP_TIM13_IRQHandler                 0x08000227   Thumb Code     0  startup_stm32f767xx.o(.text)
    UART4_IRQHandler                         0x08000227   Thumb Code     0  startup_stm32f767xx.o(.text)
    UART5_IRQHandler                         0x08000227   Thumb Code     0  startup_stm32f767xx.o(.text)
    UART7_IRQHandler                         0x08000227   Thumb Code     0  startup_stm32f767xx.o(.text)
    UART8_IRQHandler                         0x08000227   Thumb Code     0  startup_stm32f767xx.o(.text)
    USART1_IRQHandler                        0x08000227   Thumb Code     0  startup_stm32f767xx.o(.text)
    USART2_IRQHandler                        0x08000227   Thumb Code     0  startup_stm32f767xx.o(.text)
    USART3_IRQHandler                        0x08000227   Thumb Code     0  startup_stm32f767xx.o(.text)
    USART6_IRQHandler                        0x08000227   Thumb Code     0  startup_stm32f767xx.o(.text)
    WWDG_IRQHandler                          0x08000227   Thumb Code     0  startup_stm32f767xx.o(.text)
    __aeabi_uldivmod                         0x08000231   Thumb Code    98  uldiv.o(.text)
    __aeabi_memcpy                           0x08000293   Thumb Code    36  memcpya.o(.text)
    __aeabi_memcpy4                          0x08000293   Thumb Code     0  memcpya.o(.text)
    __aeabi_memcpy8                          0x08000293   Thumb Code     0  memcpya.o(.text)
    __aeabi_memset                           0x080002b7   Thumb Code    14  memseta.o(.text)
    __aeabi_memset4                          0x080002b7   Thumb Code     0  memseta.o(.text)
    __aeabi_memset8                          0x080002b7   Thumb Code     0  memseta.o(.text)
    __aeabi_memclr                           0x080002c5   Thumb Code     4  memseta.o(.text)
    __aeabi_memclr4                          0x080002c5   Thumb Code     0  memseta.o(.text)
    __aeabi_memclr8                          0x080002c5   Thumb Code     0  memseta.o(.text)
    _memset$wrapper                          0x080002c9   Thumb Code    18  memseta.o(.text)
    strlen                                   0x080002db   Thumb Code    14  strlen.o(.text)
    __aeabi_uidiv                            0x080002e9   Thumb Code     0  uidiv.o(.text)
    __aeabi_uidivmod                         0x080002e9   Thumb Code    44  uidiv.o(.text)
    __aeabi_llsl                             0x08000315   Thumb Code    30  llshl.o(.text)
    _ll_shift_l                              0x08000315   Thumb Code     0  llshl.o(.text)
    __aeabi_llsr                             0x08000333   Thumb Code    32  llushr.o(.text)
    _ll_ushift_r                             0x08000333   Thumb Code     0  llushr.o(.text)
    __I$use$fp                               0x08000353   Thumb Code     0  iusefp.o(.text)
    __aeabi_dadd                             0x08000353   Thumb Code   322  dadd.o(.text)
    __aeabi_dsub                             0x08000495   Thumb Code     6  dadd.o(.text)
    __aeabi_drsub                            0x0800049b   Thumb Code     6  dadd.o(.text)
    __aeabi_dmul                             0x080004a1   Thumb Code   228  dmul.o(.text)
    __aeabi_ddiv                             0x08000585   Thumb Code   222  ddiv.o(.text)
    __aeabi_d2ulz                            0x08000663   Thumb Code    48  dfixul.o(.text)
    __aeabi_cdrcmple                         0x08000695   Thumb Code    48  cdrcmple.o(.text)
    __scatterload                            0x080006c5   Thumb Code    28  init.o(.text)
    __scatterload_rt2                        0x080006c5   Thumb Code     0  init.o(.text)
    __aeabi_lasr                             0x080006e9   Thumb Code    36  llsshr.o(.text)
    _ll_sshift_r                             0x080006e9   Thumb Code     0  llsshr.o(.text)
    _double_round                            0x0800070d   Thumb Code    30  depilogue.o(.text)
    _double_epilogue                         0x0800072b   Thumb Code   156  depilogue.o(.text)
    BusFault_Handler                         0x080007c7   Thumb Code     2  stm32f7xx_it.o(i.BusFault_Handler)
    DebugMon_Handler                         0x080007c9   Thumb Code     2  stm32f7xx_it.o(i.DebugMon_Handler)
    HAL_DMA_Abort_IT                         0x080007cb   Thumb Code    36  stm32f7xx_hal_dma.o(i.HAL_DMA_Abort_IT)
    HAL_Delay                                0x080007f1   Thumb Code    32  stm32f7xx_hal.o(i.HAL_Delay)
    HAL_GPIO_Init                            0x08000815   Thumb Code   418  stm32f7xx_hal_gpio.o(i.HAL_GPIO_Init)
    HAL_GPIO_WritePin                        0x080009ed   Thumb Code    10  stm32f7xx_hal_gpio.o(i.HAL_GPIO_WritePin)
    HAL_GetTick                              0x080009f9   Thumb Code     6  stm32f7xx_hal.o(i.HAL_GetTick)
    HAL_I2CEx_ConfigAnalogFilter             0x08000a05   Thumb Code    88  stm32f7xx_hal_i2c_ex.o(i.HAL_I2CEx_ConfigAnalogFilter)
    HAL_I2CEx_ConfigDigitalFilter            0x08000a5d   Thumb Code    84  stm32f7xx_hal_i2c_ex.o(i.HAL_I2CEx_ConfigDigitalFilter)
    HAL_I2C_AbortCpltCallback                0x08000ab1   Thumb Code     2  stm32f7xx_hal_i2c.o(i.HAL_I2C_AbortCpltCallback)
    HAL_I2C_AddrCallback                     0x08000ab3   Thumb Code     2  stm32f7xx_hal_i2c.o(i.HAL_I2C_AddrCallback)
    HAL_I2C_ER_IRQHandler                    0x08000ab5   Thumb Code   104  stm32f7xx_hal_i2c.o(i.HAL_I2C_ER_IRQHandler)
    HAL_I2C_EV_IRQHandler                    0x08000b1d   Thumb Code    16  stm32f7xx_hal_i2c.o(i.HAL_I2C_EV_IRQHandler)
    HAL_I2C_ErrorCallback                    0x08000b2d   Thumb Code     2  stm32f7xx_hal_i2c.o(i.HAL_I2C_ErrorCallback)
    HAL_I2C_Init                             0x08000b31   Thumb Code   180  stm32f7xx_hal_i2c.o(i.HAL_I2C_Init)
    HAL_I2C_ListenCpltCallback               0x08000be9   Thumb Code     2  stm32f7xx_hal_i2c.o(i.HAL_I2C_ListenCpltCallback)
    HAL_I2C_Master_Receive                   0x08000bed   Thumb Code   282  stm32f7xx_hal_i2c.o(i.HAL_I2C_Master_Receive)
    HAL_I2C_Master_Transmit                  0x08000d11   Thumb Code   282  stm32f7xx_hal_i2c.o(i.HAL_I2C_Master_Transmit)
    HAL_I2C_MspInit                          0x08000e35   Thumb Code   120  stm32f7xx_hal_msp.o(i.HAL_I2C_MspInit)
    HAL_I2C_SlaveRxCpltCallback              0x08000eb9   Thumb Code     2  stm32f7xx_hal_i2c.o(i.HAL_I2C_SlaveRxCpltCallback)
    HAL_I2C_SlaveTxCpltCallback              0x08000ebb   Thumb Code     2  stm32f7xx_hal_i2c.o(i.HAL_I2C_SlaveTxCpltCallback)
    HAL_IncTick                              0x08000ebd   Thumb Code    12  stm32f7xx_hal.o(i.HAL_IncTick)
    HAL_Init                                 0x08000ecd   Thumb Code    22  stm32f7xx_hal.o(i.HAL_Init)
    HAL_InitTick                             0x08000ee5   Thumb Code    54  stm32f7xx_hal.o(i.HAL_InitTick)
    HAL_MspInit                              0x08000f25   Thumb Code    42  stm32f7xx_hal_msp.o(i.HAL_MspInit)
    HAL_NVIC_EnableIRQ                       0x08000f55   Thumb Code    26  stm32f7xx_hal_cortex.o(i.HAL_NVIC_EnableIRQ)
    HAL_NVIC_SetPriority                     0x08000f71   Thumb Code    60  stm32f7xx_hal_cortex.o(i.HAL_NVIC_SetPriority)
    HAL_NVIC_SetPriorityGrouping             0x08000fb1   Thumb Code    28  stm32f7xx_hal_cortex.o(i.HAL_NVIC_SetPriorityGrouping)
    HAL_RCCEx_PeriphCLKConfig                0x08000fd5   Thumb Code  1336  stm32f7xx_hal_rcc_ex.o(i.HAL_RCCEx_PeriphCLKConfig)
    HAL_RCC_ClockConfig                      0x08001511   Thumb Code   282  stm32f7xx_hal_rcc.o(i.HAL_RCC_ClockConfig)
    HAL_RCC_GetSysClockFreq                  0x0800163d   Thumb Code    88  stm32f7xx_hal_rcc.o(i.HAL_RCC_GetSysClockFreq)
    HAL_RCC_OscConfig                        0x080016a1   Thumb Code   814  stm32f7xx_hal_rcc.o(i.HAL_RCC_OscConfig)
    HAL_SPI_Init                             0x080019dd   Thumb Code   196  stm32f7xx_hal_spi.o(i.HAL_SPI_Init)
    HAL_SPI_MspInit                          0x08001aa1   Thumb Code    86  stm32f7xx_hal_msp.o(i.HAL_SPI_MspInit)
    HAL_SPI_Transmit                         0x08001b05   Thumb Code   378  stm32f7xx_hal_spi.o(i.HAL_SPI_Transmit)
    HAL_SPI_TransmitReceive                  0x08001c7f   Thumb Code   608  stm32f7xx_hal_spi.o(i.HAL_SPI_TransmitReceive)
    HAL_SYSTICK_Config                       0x08001edf   Thumb Code    38  stm32f7xx_hal_cortex.o(i.HAL_SYSTICK_Config)
    HAL_TIMEx_Break2Callback                 0x08001f05   Thumb Code     2  stm32f7xx_hal_tim_ex.o(i.HAL_TIMEx_Break2Callback)
    HAL_TIMEx_BreakCallback                  0x08001f07   Thumb Code     2  stm32f7xx_hal_tim_ex.o(i.HAL_TIMEx_BreakCallback)
    HAL_TIMEx_CommutCallback                 0x08001f09   Thumb Code     2  stm32f7xx_hal_tim_ex.o(i.HAL_TIMEx_CommutCallback)
    HAL_TIMEx_MasterConfigSynchronization    0x08001f0d   Thumb Code    88  stm32f7xx_hal_tim_ex.o(i.HAL_TIMEx_MasterConfigSynchronization)
    HAL_TIM_Base_Init                        0x08001f6d   Thumb Code    54  stm32f7xx_hal_tim.o(i.HAL_TIM_Base_Init)
    HAL_TIM_Base_MspInit                     0x08001fa5   Thumb Code    50  stm32f7xx_hal_msp.o(i.HAL_TIM_Base_MspInit)
    HAL_TIM_Base_Start_IT                    0x08001fe1   Thumb Code    40  stm32f7xx_hal_tim.o(i.HAL_TIM_Base_Start_IT)
    HAL_TIM_ConfigClockSource                0x0800200d   Thumb Code   214  stm32f7xx_hal_tim.o(i.HAL_TIM_ConfigClockSource)
    HAL_TIM_Encoder_Init                     0x080020e9   Thumb Code   162  stm32f7xx_hal_tim.o(i.HAL_TIM_Encoder_Init)
    HAL_TIM_Encoder_MspInit                  0x08002191   Thumb Code    90  stm32f7xx_hal_msp.o(i.HAL_TIM_Encoder_MspInit)
    HAL_TIM_Encoder_Start                    0x080021f9   Thumb Code    52  stm32f7xx_hal_tim.o(i.HAL_TIM_Encoder_Start)
    HAL_TIM_IC_CaptureCallback               0x0800222d   Thumb Code     2  stm32f7xx_hal_tim.o(i.HAL_TIM_IC_CaptureCallback)
    HAL_TIM_IRQHandler                       0x0800222f   Thumb Code   386  stm32f7xx_hal_tim.o(i.HAL_TIM_IRQHandler)
    HAL_TIM_MspPostInit                      0x080023b1   Thumb Code    68  stm32f7xx_hal_msp.o(i.HAL_TIM_MspPostInit)
    HAL_TIM_OC_DelayElapsedCallback          0x080023fd   Thumb Code     2  stm32f7xx_hal_tim.o(i.HAL_TIM_OC_DelayElapsedCallback)
    HAL_TIM_PWM_ConfigChannel                0x080023ff   Thumb Code   296  stm32f7xx_hal_tim.o(i.HAL_TIM_PWM_ConfigChannel)
    HAL_TIM_PWM_Init                         0x08002527   Thumb Code    54  stm32f7xx_hal_tim.o(i.HAL_TIM_PWM_Init)
    HAL_TIM_PWM_MspInit                      0x0800255d   Thumb Code    30  stm32f7xx_hal_msp.o(i.HAL_TIM_PWM_MspInit)
    HAL_TIM_PWM_PulseFinishedCallback        0x08002581   Thumb Code     2  stm32f7xx_hal_tim.o(i.HAL_TIM_PWM_PulseFinishedCallback)
    HAL_TIM_PWM_Start                        0x08002585   Thumb Code    64  stm32f7xx_hal_tim.o(i.HAL_TIM_PWM_Start)
    HAL_TIM_PeriodElapsedCallback            0x080025d1   Thumb Code   236  main.o(i.HAL_TIM_PeriodElapsedCallback)
    HAL_TIM_TriggerCallback                  0x08002705   Thumb Code     2  stm32f7xx_hal_tim.o(i.HAL_TIM_TriggerCallback)
    HardFault_Handler                        0x08002707   Thumb Code     2  stm32f7xx_it.o(i.HardFault_Handler)
    I2C2_ER_IRQHandler                       0x08002709   Thumb Code     6  stm32f7xx_it.o(i.I2C2_ER_IRQHandler)
    I2C2_EV_IRQHandler                       0x08002715   Thumb Code     6  stm32f7xx_it.o(i.I2C2_EV_IRQHandler)
    LCD_BackLight                            0x08002e2d   Thumb Code    24  lcd_i2cmodule.o(i.LCD_BackLight)
    LCD_Clear                                0x08002e49   Thumb Code    26  lcd_i2cmodule.o(i.LCD_Clear)
    LCD_Init                                 0x08002e69   Thumb Code    70  lcd_i2cmodule.o(i.LCD_Init)
    LCD_Print                                0x08002eaf   Thumb Code    32  lcd_i2cmodule.o(i.LCD_Print)
    LCD_Send_String                          0x08002ed1   Thumb Code   200  lcd_i2cmodule.o(i.LCD_Send_String)
    LCD_SetCursor                            0x08002fa1   Thumb Code    42  lcd_i2cmodule.o(i.LCD_SetCursor)
    LCD_Set_Command                          0x08002fd5   Thumb Code    68  lcd_i2cmodule.o(i.LCD_Set_Command)
    LCD_Write_Data                           0x08003021   Thumb Code    76  lcd_i2cmodule.o(i.LCD_Write_Data)
    MemManage_Handler                        0x080032f5   Thumb Code     2  stm32f7xx_it.o(i.MemManage_Handler)
    Motor                                    0x080032f9   Thumb Code    72  motor.o(i.Motor)
    NMI_Handler                              0x08003355   Thumb Code     2  stm32f7xx_it.o(i.NMI_Handler)
    NRF24L01_FlushRX                         0x08003359   Thumb Code    46  nrf24l01.o(i.NRF24L01_FlushRX)
    NRF24L01_FlushTX                         0x0800338d   Thumb Code    46  nrf24l01.o(i.NRF24L01_FlushTX)
    PendSV_Handler                           0x080033c1   Thumb Code     2  stm32f7xx_it.o(i.PendSV_Handler)
    SVC_Handler                              0x08003535   Thumb Code     2  stm32f7xx_it.o(i.SVC_Handler)
    SysTick_Handler                          0x08003537   Thumb Code     4  stm32f7xx_it.o(i.SysTick_Handler)
    SystemClock_Config                       0x0800353d   Thumb Code   146  main.o(i.SystemClock_Config)
    SystemInit                               0x080035d9   Thumb Code    68  system_stm32f7xx.o(i.SystemInit)
    TIM1_UP_TIM10_IRQHandler                 0x0800362d   Thumb Code     6  stm32f7xx_it.o(i.TIM1_UP_TIM10_IRQHandler)
    TIM_Base_SetConfig                       0x08003639   Thumb Code   158  stm32f7xx_hal_tim.o(i.TIM_Base_SetConfig)
    TIM_CCxChannelCmd                        0x08003705   Thumb Code    26  stm32f7xx_hal_tim.o(i.TIM_CCxChannelCmd)
    TIM_ETR_SetConfig                        0x0800371f   Thumb Code    18  stm32f7xx_hal_tim.o(i.TIM_ETR_SetConfig)
    TIM_OC2_SetConfig                        0x080037b5   Thumb Code   108  stm32f7xx_hal_tim.o(i.TIM_OC2_SetConfig)
    TM_NRF24L01_Clear_Interrupts             0x080039f3   Thumb Code     8  nrf24l01.o(i.TM_NRF24L01_Clear_Interrupts)
    TM_NRF24L01_Init                         0x080039fd   Thumb Code   208  nrf24l01.o(i.TM_NRF24L01_Init)
    TM_NRF24L01_InitPins                     0x08003ad1   Thumb Code    28  nrf24l01.o(i.TM_NRF24L01_InitPins)
    TM_NRF24L01_PowerUpRx                    0x08003af1   Thumb Code    52  nrf24l01.o(i.TM_NRF24L01_PowerUpRx)
    TM_NRF24L01_PowerUpTx                    0x08003b29   Thumb Code    22  nrf24l01.o(i.TM_NRF24L01_PowerUpTx)
    TM_NRF24L01_ReadRegister                 0x08003b41   Thumb Code    76  nrf24l01.o(i.TM_NRF24L01_ReadRegister)
    TM_NRF24L01_SetChannel                   0x08003b91   Thumb Code    24  nrf24l01.o(i.TM_NRF24L01_SetChannel)
    TM_NRF24L01_SetMyAddress                 0x08003bad   Thumb Code    44  nrf24l01.o(i.TM_NRF24L01_SetMyAddress)
    TM_NRF24L01_SetRF                        0x08003bdd   Thumb Code    62  nrf24l01.o(i.TM_NRF24L01_SetRF)
    TM_NRF24L01_SetTxAddress                 0x08003c21   Thumb Code    32  nrf24l01.o(i.TM_NRF24L01_SetTxAddress)
    TM_NRF24L01_SoftwareReset                0x08003c41   Thumb Code   334  nrf24l01.o(i.TM_NRF24L01_SoftwareReset)
    TM_NRF24L01_WriteRegister                0x08003d91   Thumb Code    68  nrf24l01.o(i.TM_NRF24L01_WriteRegister)
    TM_NRF24L01_WriteRegisterMulti           0x08003dd9   Thumb Code    74  nrf24l01.o(i.TM_NRF24L01_WriteRegisterMulti)
    TM_NRF24L01_disableAutoAcknowledge       0x08003e29   Thumb Code     8  nrf24l01.o(i.TM_NRF24L01_disableAutoAcknowledge)
    TM_NRF24L01_setCrcWidth                  0x08003e31   Thumb Code    44  nrf24l01.o(i.TM_NRF24L01_setCrcWidth)
    UsageFault_Handler                       0x08003e5d   Thumb Code     2  stm32f7xx_it.o(i.UsageFault_Handler)
    __0sprintf                               0x08003e61   Thumb Code    34  printfa.o(i.__0sprintf)
    __1sprintf                               0x08003e61   Thumb Code     0  printfa.o(i.__0sprintf)
    __2sprintf                               0x08003e61   Thumb Code     0  printfa.o(i.__0sprintf)
    __c89sprintf                             0x08003e61   Thumb Code     0  printfa.o(i.__0sprintf)
    sprintf                                  0x08003e61   Thumb Code     0  printfa.o(i.__0sprintf)
    __scatterload_copy                       0x08003eab   Thumb Code    14  handlers.o(i.__scatterload_copy)
    __scatterload_null                       0x08003eb9   Thumb Code     2  handlers.o(i.__scatterload_null)
    __scatterload_zeroinit                   0x08003ebb   Thumb Code    14  handlers.o(i.__scatterload_zeroinit)
    main                                     0x080047d1   Thumb Code   200  main.o(i.main)
    AHBPrescTable                            0x080048f4   Data          16  system_stm32f7xx.o(.constdata)
    Region$$Table$$Base                      0x08004904   Number         0  anon$$obj.o(Region$$Table)
    Region$$Table$$Limit                     0x08004924   Number         0  anon$$obj.o(Region$$Table)
    i2cDeviceAddr                            0x20000000   Data           1  lcd_i2cmodule.o(.data)
    TxBuffer                                 0x20000018   Data           2  main.o(.data)
    result                                   0x2000001a   Data           2  main.o(.data)
    distance                                 0x2000001c   Data           4  main.o(.data)
    vitesse                                  0x20000020   Data           4  main.o(.data)
    RxBuffer                                 0x20000024   Data           4  main.o(.data)
    MyAddress                                0x20000028   Data           5  main.o(.data)
    TxAddress                                0x2000002d   Data           5  main.o(.data)
    uwTickFreq                               0x20000034   Data           1  stm32f7xx_hal.o(.data)
    uwTickPrio                               0x20000038   Data           4  stm32f7xx_hal.o(.data)
    uwTick                                   0x2000003c   Data           4  stm32f7xx_hal.o(.data)
    SystemCoreClock                          0x20000040   Data           4  system_stm32f7xx.o(.data)
    hi2cx                                    0x200001d4   Data          76  lcd_i2cmodule.o(.bss)
    hi2c2                                    0x20000220   Data          76  main.o(.bss)
    hspi1                                    0x2000026c   Data         100  main.o(.bss)
    htim1                                    0x200002d0   Data          64  main.o(.bss)
    htim2                                    0x20000310   Data          64  main.o(.bss)
    htim3                                    0x20000350   Data          64  main.o(.bss)
    __initial_sp                             0x20000790   Data           0  startup_stm32f767xx.o(STACK)



==============================================================================

Memory Map of the image

  Image Entry point : 0x080001f9

  Load Region LR_IROM1 (Base: 0x08000000, Size: 0x00004968, Max: 0x00200000, ABSOLUTE)

    Execution Region ER_IROM1 (Exec base: 0x08000000, Load base: 0x08000000, Size: 0x00004924, Max: 0x00200000, ABSOLUTE)

    Exec Addr    Load Addr    Size         Type   Attr      Idx    E Section Name        Object

    0x08000000   0x08000000   0x000001f8   Data   RO            3    RESET               startup_stm32f767xx.o
    0x080001f8   0x080001f8   0x00000000   Code   RO         3743  * .ARM.Collect$$$$00000000  mc_w.l(entry.o)
    0x080001f8   0x080001f8   0x00000004   Code   RO         3784    .ARM.Collect$$$$00000001  mc_w.l(entry2.o)
    0x080001fc   0x080001fc   0x00000004   Code   RO         3787    .ARM.Collect$$$$00000004  mc_w.l(entry5.o)
    0x08000200   0x08000200   0x00000000   Code   RO         3789    .ARM.Collect$$$$00000008  mc_w.l(entry7b.o)
    0x08000200   0x08000200   0x00000000   Code   RO         3791    .ARM.Collect$$$$0000000A  mc_w.l(entry8b.o)
    0x08000200   0x08000200   0x00000008   Code   RO         3792    .ARM.Collect$$$$0000000B  mc_w.l(entry9a.o)
    0x08000208   0x08000208   0x00000000   Code   RO         3794    .ARM.Collect$$$$0000000D  mc_w.l(entry10a.o)
    0x08000208   0x08000208   0x00000000   Code   RO         3796    .ARM.Collect$$$$0000000F  mc_w.l(entry11a.o)
    0x08000208   0x08000208   0x00000004   Code   RO         3785    .ARM.Collect$$$$00002712  mc_w.l(entry2.o)
    0x0800020c   0x0800020c   0x00000024   Code   RO            4    .text               startup_stm32f767xx.o
    0x08000230   0x08000230   0x00000062   Code   RO         3746    .text               mc_w.l(uldiv.o)
    0x08000292   0x08000292   0x00000024   Code   RO         3748    .text               mc_w.l(memcpya.o)
    0x080002b6   0x080002b6   0x00000024   Code   RO         3750    .text               mc_w.l(memseta.o)
    0x080002da   0x080002da   0x0000000e   Code   RO         3752    .text               mc_w.l(strlen.o)
    0x080002e8   0x080002e8   0x0000002c   Code   RO         3801    .text               mc_w.l(uidiv.o)
    0x08000314   0x08000314   0x0000001e   Code   RO         3803    .text               mc_w.l(llshl.o)
    0x08000332   0x08000332   0x00000020   Code   RO         3805    .text               mc_w.l(llushr.o)
    0x08000352   0x08000352   0x00000000   Code   RO         3807    .text               mc_w.l(iusefp.o)
    0x08000352   0x08000352   0x0000014e   Code   RO         3808    .text               mf_w.l(dadd.o)
    0x080004a0   0x080004a0   0x000000e4   Code   RO         3810    .text               mf_w.l(dmul.o)
    0x08000584   0x08000584   0x000000de   Code   RO         3812    .text               mf_w.l(ddiv.o)
    0x08000662   0x08000662   0x00000030   Code   RO         3814    .text               mf_w.l(dfixul.o)
    0x08000692   0x08000692   0x00000002   PAD
    0x08000694   0x08000694   0x00000030   Code   RO         3816    .text               mf_w.l(cdrcmple.o)
    0x080006c4   0x080006c4   0x00000024   Code   RO         3818    .text               mc_w.l(init.o)
    0x080006e8   0x080006e8   0x00000024   Code   RO         3821    .text               mc_w.l(llsshr.o)
    0x0800070c   0x0800070c   0x000000ba   Code   RO         3824    .text               mf_w.l(depilogue.o)
    0x080007c6   0x080007c6   0x00000002   Code   RO          528    i.BusFault_Handler  stm32f7xx_it.o
    0x080007c8   0x080007c8   0x00000002   Code   RO          529    i.DebugMon_Handler  stm32f7xx_it.o
    0x080007ca   0x080007ca   0x00000024   Code   RO         3067    i.HAL_DMA_Abort_IT  stm32f7xx_hal_dma.o
    0x080007ee   0x080007ee   0x00000002   PAD
    0x080007f0   0x080007f0   0x00000024   Code   RO         3433    i.HAL_Delay         stm32f7xx_hal.o
    0x08000814   0x08000814   0x000001d8   Code   RO         3000    i.HAL_GPIO_Init     stm32f7xx_hal_gpio.o
    0x080009ec   0x080009ec   0x0000000a   Code   RO         3004    i.HAL_GPIO_WritePin  stm32f7xx_hal_gpio.o
    0x080009f6   0x080009f6   0x00000002   PAD
    0x080009f8   0x080009f8   0x0000000c   Code   RO         3443    i.HAL_GetTick       stm32f7xx_hal.o
    0x08000a04   0x08000a04   0x00000058   Code   RO         1304    i.HAL_I2CEx_ConfigAnalogFilter  stm32f7xx_hal_i2c_ex.o
    0x08000a5c   0x08000a5c   0x00000054   Code   RO         1305    i.HAL_I2CEx_ConfigDigitalFilter  stm32f7xx_hal_i2c_ex.o
    0x08000ab0   0x08000ab0   0x00000002   Code   RO          847    i.HAL_I2C_AbortCpltCallback  stm32f7xx_hal_i2c.o
    0x08000ab2   0x08000ab2   0x00000002   Code   RO          848    i.HAL_I2C_AddrCallback  stm32f7xx_hal_i2c.o
    0x08000ab4   0x08000ab4   0x00000068   Code   RO          851    i.HAL_I2C_ER_IRQHandler  stm32f7xx_hal_i2c.o
    0x08000b1c   0x08000b1c   0x00000010   Code   RO          852    i.HAL_I2C_EV_IRQHandler  stm32f7xx_hal_i2c.o
    0x08000b2c   0x08000b2c   0x00000002   Code   RO          854    i.HAL_I2C_ErrorCallback  stm32f7xx_hal_i2c.o
    0x08000b2e   0x08000b2e   0x00000002   PAD
    0x08000b30   0x08000b30   0x000000b8   Code   RO          858    i.HAL_I2C_Init      stm32f7xx_hal_i2c.o
    0x08000be8   0x08000be8   0x00000002   Code   RO          860    i.HAL_I2C_ListenCpltCallback  stm32f7xx_hal_i2c.o
    0x08000bea   0x08000bea   0x00000002   PAD
    0x08000bec   0x08000bec   0x00000124   Code   RO          864    i.HAL_I2C_Master_Receive  stm32f7xx_hal_i2c.o
    0x08000d10   0x08000d10   0x00000124   Code   RO          871    i.HAL_I2C_Master_Transmit  stm32f7xx_hal_i2c.o
    0x08000e34   0x08000e34   0x00000084   Code   RO          623    i.HAL_I2C_MspInit   stm32f7xx_hal_msp.o
    0x08000eb8   0x08000eb8   0x00000002   Code   RO          884    i.HAL_I2C_SlaveRxCpltCallback  stm32f7xx_hal_i2c.o
    0x08000eba   0x08000eba   0x00000002   Code   RO          885    i.HAL_I2C_SlaveTxCpltCallback  stm32f7xx_hal_i2c.o
    0x08000ebc   0x08000ebc   0x00000010   Code   RO         3449    i.HAL_IncTick       stm32f7xx_hal.o
    0x08000ecc   0x08000ecc   0x00000016   Code   RO         3450    i.HAL_Init          stm32f7xx_hal.o
    0x08000ee2   0x08000ee2   0x00000002   PAD
    0x08000ee4   0x08000ee4   0x00000040   Code   RO         3451    i.HAL_InitTick      stm32f7xx_hal.o
    0x08000f24   0x08000f24   0x00000030   Code   RO          624    i.HAL_MspInit       stm32f7xx_hal_msp.o
    0x08000f54   0x08000f54   0x0000001a   Code   RO          717    i.HAL_NVIC_EnableIRQ  stm32f7xx_hal_cortex.o
    0x08000f6e   0x08000f6e   0x00000002   PAD
    0x08000f70   0x08000f70   0x00000040   Code   RO          723    i.HAL_NVIC_SetPriority  stm32f7xx_hal_cortex.o
    0x08000fb0   0x08000fb0   0x00000024   Code   RO          724    i.HAL_NVIC_SetPriorityGrouping  stm32f7xx_hal_cortex.o
    0x08000fd4   0x08000fd4   0x0000053c   Code   RO         2761    i.HAL_RCCEx_PeriphCLKConfig  stm32f7xx_hal_rcc_ex.o
    0x08001510   0x08001510   0x0000012c   Code   RO         2654    i.HAL_RCC_ClockConfig  stm32f7xx_hal_rcc.o
    0x0800163c   0x0800163c   0x00000064   Code   RO         2663    i.HAL_RCC_GetSysClockFreq  stm32f7xx_hal_rcc.o
    0x080016a0   0x080016a0   0x0000033c   Code   RO         2666    i.HAL_RCC_OscConfig  stm32f7xx_hal_rcc.o
    0x080019dc   0x080019dc   0x000000c4   Code   RO         1357    i.HAL_SPI_Init      stm32f7xx_hal_spi.o
    0x08001aa0   0x08001aa0   0x00000064   Code   RO          626    i.HAL_SPI_MspInit   stm32f7xx_hal_msp.o
    0x08001b04   0x08001b04   0x0000017a   Code   RO         1365    i.HAL_SPI_Transmit  stm32f7xx_hal_spi.o
    0x08001c7e   0x08001c7e   0x00000260   Code   RO         1366    i.HAL_SPI_TransmitReceive  stm32f7xx_hal_spi.o
    0x08001ede   0x08001ede   0x00000026   Code   RO          728    i.HAL_SYSTICK_Config  stm32f7xx_hal_cortex.o
    0x08001f04   0x08001f04   0x00000002   Code   RO         2384    i.HAL_TIMEx_Break2Callback  stm32f7xx_hal_tim_ex.o
    0x08001f06   0x08001f06   0x00000002   Code   RO         2385    i.HAL_TIMEx_BreakCallback  stm32f7xx_hal_tim_ex.o
    0x08001f08   0x08001f08   0x00000002   Code   RO         2386    i.HAL_TIMEx_CommutCallback  stm32f7xx_hal_tim_ex.o
    0x08001f0a   0x08001f0a   0x00000002   PAD
    0x08001f0c   0x08001f0c   0x00000060   Code   RO         2405    i.HAL_TIMEx_MasterConfigSynchronization  stm32f7xx_hal_tim_ex.o
    0x08001f6c   0x08001f6c   0x00000036   Code   RO         1699    i.HAL_TIM_Base_Init  stm32f7xx_hal_tim.o
    0x08001fa2   0x08001fa2   0x00000002   PAD
    0x08001fa4   0x08001fa4   0x0000003c   Code   RO          628    i.HAL_TIM_Base_MspInit  stm32f7xx_hal_msp.o
    0x08001fe0   0x08001fe0   0x0000002c   Code   RO         1704    i.HAL_TIM_Base_Start_IT  stm32f7xx_hal_tim.o
    0x0800200c   0x0800200c   0x000000dc   Code   RO         1708    i.HAL_TIM_ConfigClockSource  stm32f7xx_hal_tim.o
    0x080020e8   0x080020e8   0x000000a8   Code   RO         1717    i.HAL_TIM_Encoder_Init  stm32f7xx_hal_tim.o
    0x08002190   0x08002190   0x00000068   Code   RO          630    i.HAL_TIM_Encoder_MspInit  stm32f7xx_hal_msp.o
    0x080021f8   0x080021f8   0x00000034   Code   RO         1720    i.HAL_TIM_Encoder_Start  stm32f7xx_hal_tim.o
    0x0800222c   0x0800222c   0x00000002   Code   RO         1728    i.HAL_TIM_IC_CaptureCallback  stm32f7xx_hal_tim.o
    0x0800222e   0x0800222e   0x00000182   Code   RO         1742    i.HAL_TIM_IRQHandler  stm32f7xx_hal_tim.o
    0x080023b0   0x080023b0   0x0000004c   Code   RO          631    i.HAL_TIM_MspPostInit  stm32f7xx_hal_msp.o
    0x080023fc   0x080023fc   0x00000002   Code   RO         1745    i.HAL_TIM_OC_DelayElapsedCallback  stm32f7xx_hal_tim.o
    0x080023fe   0x080023fe   0x00000128   Code   RO         1766    i.HAL_TIM_PWM_ConfigChannel  stm32f7xx_hal_tim.o
    0x08002526   0x08002526   0x00000036   Code   RO         1769    i.HAL_TIM_PWM_Init  stm32f7xx_hal_tim.o
    0x0800255c   0x0800255c   0x00000024   Code   RO          633    i.HAL_TIM_PWM_MspInit  stm32f7xx_hal_msp.o
    0x08002580   0x08002580   0x00000002   Code   RO         1772    i.HAL_TIM_PWM_PulseFinishedCallback  stm32f7xx_hal_tim.o
    0x08002582   0x08002582   0x00000002   PAD
    0x08002584   0x08002584   0x0000004c   Code   RO         1774    i.HAL_TIM_PWM_Start  stm32f7xx_hal_tim.o
    0x080025d0   0x080025d0   0x00000134   Code   RO          446    i.HAL_TIM_PeriodElapsedCallback  main.o
    0x08002704   0x08002704   0x00000002   Code   RO         1785    i.HAL_TIM_TriggerCallback  stm32f7xx_hal_tim.o
    0x08002706   0x08002706   0x00000002   Code   RO          530    i.HardFault_Handler  stm32f7xx_it.o
    0x08002708   0x08002708   0x0000000c   Code   RO          531    i.I2C2_ER_IRQHandler  stm32f7xx_it.o
    0x08002714   0x08002714   0x0000000c   Code   RO          532    i.I2C2_EV_IRQHandler  stm32f7xx_it.o
    0x08002720   0x08002720   0x00000028   Code   RO          897    i.I2C_DMAAbort      stm32f7xx_hal_i2c.o
    0x08002748   0x08002748   0x00000056   Code   RO          903    i.I2C_Disable_IRQ   stm32f7xx_hal_i2c.o
    0x0800279e   0x0800279e   0x00000022   Code   RO          905    i.I2C_Flush_TXDR    stm32f7xx_hal_i2c.o
    0x080027c0   0x080027c0   0x00000088   Code   RO          906    i.I2C_ITAddrCplt    stm32f7xx_hal_i2c.o
    0x08002848   0x08002848   0x000000e0   Code   RO          907    i.I2C_ITError       stm32f7xx_hal_i2c.o
    0x08002928   0x08002928   0x00000064   Code   RO          908    i.I2C_ITListenCplt  stm32f7xx_hal_i2c.o
    0x0800298c   0x0800298c   0x000000f0   Code   RO          911    i.I2C_ITSlaveCplt   stm32f7xx_hal_i2c.o
    0x08002a7c   0x08002a7c   0x00000054   Code   RO          912    i.I2C_ITSlaveSeqCplt  stm32f7xx_hal_i2c.o
    0x08002ad0   0x08002ad0   0x00000088   Code   RO          913    i.I2C_IsAcknowledgeFailed  stm32f7xx_hal_i2c.o
    0x08002b58   0x08002b58   0x00000124   Code   RO          919    i.I2C_Slave_ISR_IT  stm32f7xx_hal_i2c.o
    0x08002c7c   0x08002c7c   0x0000002c   Code   RO          920    i.I2C_TransferConfig  stm32f7xx_hal_i2c.o
    0x08002ca8   0x08002ca8   0x0000005a   Code   RO          921    i.I2C_WaitOnFlagUntilTimeout  stm32f7xx_hal_i2c.o
    0x08002d02   0x08002d02   0x00000002   PAD
    0x08002d04   0x08002d04   0x00000088   Code   RO          922    i.I2C_WaitOnRXNEFlagUntilTimeout  stm32f7xx_hal_i2c.o
    0x08002d8c   0x08002d8c   0x0000004e   Code   RO          923    i.I2C_WaitOnSTOPFlagUntilTimeout  stm32f7xx_hal_i2c.o
    0x08002dda   0x08002dda   0x00000052   Code   RO          924    i.I2C_WaitOnTXISFlagUntilTimeout  stm32f7xx_hal_i2c.o
    0x08002e2c   0x08002e2c   0x0000001c   Code   RO           13    i.LCD_BackLight     lcd_i2cmodule.o
    0x08002e48   0x08002e48   0x00000020   Code   RO           14    i.LCD_Clear         lcd_i2cmodule.o
    0x08002e68   0x08002e68   0x00000046   Code   RO           15    i.LCD_Init          lcd_i2cmodule.o
    0x08002eae   0x08002eae   0x00000020   Code   RO           16    i.LCD_Print         lcd_i2cmodule.o
    0x08002ece   0x08002ece   0x00000002   PAD
    0x08002ed0   0x08002ed0   0x000000d0   Code   RO           17    i.LCD_Send_String   lcd_i2cmodule.o
    0x08002fa0   0x08002fa0   0x00000034   Code   RO           18    i.LCD_SetCursor     lcd_i2cmodule.o
    0x08002fd4   0x08002fd4   0x0000004c   Code   RO           19    i.LCD_Set_Command   lcd_i2cmodule.o
    0x08003020   0x08003020   0x00000054   Code   RO           20    i.LCD_Write_Data    lcd_i2cmodule.o
    0x08003074   0x08003074   0x000000e8   Code   RO          447    i.MX_GPIO_Init      main.o
    0x0800315c   0x0800315c   0x00000044   Code   RO          448    i.MX_I2C2_Init      main.o
    0x080031a0   0x080031a0   0x00000044   Code   RO          449    i.MX_SPI1_Init      main.o
    0x080031e4   0x080031e4   0x00000058   Code   RO          450    i.MX_TIM1_Init      main.o
    0x0800323c   0x0800323c   0x0000005c   Code   RO          451    i.MX_TIM2_Init      main.o
    0x08003298   0x08003298   0x0000005c   Code   RO          452    i.MX_TIM3_Init      main.o
    0x080032f4   0x080032f4   0x00000002   Code   RO          533    i.MemManage_Handler  stm32f7xx_it.o
    0x080032f6   0x080032f6   0x00000002   PAD
    0x080032f8   0x080032f8   0x0000005c   Code   RO          205    i.Motor             motor.o
    0x08003354   0x08003354   0x00000002   Code   RO          534    i.NMI_Handler       stm32f7xx_it.o
    0x08003356   0x08003356   0x00000002   PAD
    0x08003358   0x08003358   0x00000034   Code   RO          251    i.NRF24L01_FlushRX  nrf24l01.o
    0x0800338c   0x0800338c   0x00000034   Code   RO          252    i.NRF24L01_FlushTX  nrf24l01.o
    0x080033c0   0x080033c0   0x00000002   Code   RO          535    i.PendSV_Handler    stm32f7xx_it.o
    0x080033c2   0x080033c2   0x00000048   Code   RO         1395    i.SPI_EndRxTxTransaction  stm32f7xx_hal_spi.o
    0x0800340a   0x0800340a   0x00000096   Code   RO         1400    i.SPI_WaitFifoStateUntilTimeout  stm32f7xx_hal_spi.o
    0x080034a0   0x080034a0   0x00000094   Code   RO         1401    i.SPI_WaitFlagStateUntilTimeout  stm32f7xx_hal_spi.o
    0x08003534   0x08003534   0x00000002   Code   RO          536    i.SVC_Handler       stm32f7xx_it.o
    0x08003536   0x08003536   0x00000004   Code   RO          537    i.SysTick_Handler   stm32f7xx_it.o
    0x0800353a   0x0800353a   0x00000002   PAD
    0x0800353c   0x0800353c   0x0000009c   Code   RO          453    i.SystemClock_Config  main.o
    0x080035d8   0x080035d8   0x00000054   Code   RO         3709    i.SystemInit        system_stm32f7xx.o
    0x0800362c   0x0800362c   0x0000000c   Code   RO          538    i.TIM1_UP_TIM10_IRQHandler  stm32f7xx_it.o
    0x08003638   0x08003638   0x000000cc   Code   RO         1787    i.TIM_Base_SetConfig  stm32f7xx_hal_tim.o
    0x08003704   0x08003704   0x0000001a   Code   RO         1788    i.TIM_CCxChannelCmd  stm32f7xx_hal_tim.o
    0x0800371e   0x0800371e   0x00000012   Code   RO         1798    i.TIM_ETR_SetConfig  stm32f7xx_hal_tim.o
    0x08003730   0x08003730   0x00000010   Code   RO         1799    i.TIM_ITRx_SetConfig  stm32f7xx_hal_tim.o
    0x08003740   0x08003740   0x00000074   Code   RO         1800    i.TIM_OC1_SetConfig  stm32f7xx_hal_tim.o
    0x080037b4   0x080037b4   0x00000078   Code   RO         1801    i.TIM_OC2_SetConfig  stm32f7xx_hal_tim.o
    0x0800382c   0x0800382c   0x00000078   Code   RO         1802    i.TIM_OC3_SetConfig  stm32f7xx_hal_tim.o
    0x080038a4   0x080038a4   0x00000058   Code   RO         1803    i.TIM_OC4_SetConfig  stm32f7xx_hal_tim.o
    0x080038fc   0x080038fc   0x00000058   Code   RO         1804    i.TIM_OC5_SetConfig  stm32f7xx_hal_tim.o
    0x08003954   0x08003954   0x00000058   Code   RO         1805    i.TIM_OC6_SetConfig  stm32f7xx_hal_tim.o
    0x080039ac   0x080039ac   0x00000022   Code   RO         1807    i.TIM_TI1_ConfigInputStage  stm32f7xx_hal_tim.o
    0x080039ce   0x080039ce   0x00000024   Code   RO         1809    i.TIM_TI2_ConfigInputStage  stm32f7xx_hal_tim.o
    0x080039f2   0x080039f2   0x00000008   Code   RO          253    i.TM_NRF24L01_Clear_Interrupts  nrf24l01.o
    0x080039fa   0x080039fa   0x00000002   PAD
    0x080039fc   0x080039fc   0x000000d4   Code   RO          259    i.TM_NRF24L01_Init  nrf24l01.o
    0x08003ad0   0x08003ad0   0x00000020   Code   RO          260    i.TM_NRF24L01_InitPins  nrf24l01.o
    0x08003af0   0x08003af0   0x00000038   Code   RO          262    i.TM_NRF24L01_PowerUpRx  nrf24l01.o
    0x08003b28   0x08003b28   0x00000016   Code   RO          263    i.TM_NRF24L01_PowerUpTx  nrf24l01.o
    0x08003b3e   0x08003b3e   0x00000002   PAD
    0x08003b40   0x08003b40   0x00000050   Code   RO          265    i.TM_NRF24L01_ReadRegister  nrf24l01.o
    0x08003b90   0x08003b90   0x0000001c   Code   RO          269    i.TM_NRF24L01_SetChannel  nrf24l01.o
    0x08003bac   0x08003bac   0x00000030   Code   RO          270    i.TM_NRF24L01_SetMyAddress  nrf24l01.o
    0x08003bdc   0x08003bdc   0x00000044   Code   RO          271    i.TM_NRF24L01_SetRF  nrf24l01.o
    0x08003c20   0x08003c20   0x00000020   Code   RO          272    i.TM_NRF24L01_SetTxAddress  nrf24l01.o
    0x08003c40   0x08003c40   0x0000014e   Code   RO          273    i.TM_NRF24L01_SoftwareReset  nrf24l01.o
    0x08003d8e   0x08003d8e   0x00000002   PAD
    0x08003d90   0x08003d90   0x00000048   Code   RO          276    i.TM_NRF24L01_WriteRegister  nrf24l01.o
    0x08003dd8   0x08003dd8   0x00000050   Code   RO          277    i.TM_NRF24L01_WriteRegisterMulti  nrf24l01.o
    0x08003e28   0x08003e28   0x00000008   Code   RO          278    i.TM_NRF24L01_disableAutoAcknowledge  nrf24l01.o
    0x08003e30   0x08003e30   0x0000002c   Code   RO          279    i.TM_NRF24L01_setCrcWidth  nrf24l01.o
    0x08003e5c   0x08003e5c   0x00000002   Code   RO          539    i.UsageFault_Handler  stm32f7xx_it.o
    0x08003e5e   0x08003e5e   0x00000002   PAD
    0x08003e60   0x08003e60   0x00000028   Code   RO         3759    i.__0sprintf        mc_w.l(printfa.o)
    0x08003e88   0x08003e88   0x00000022   Code   RO          730    i.__NVIC_SetPriority  stm32f7xx_hal_cortex.o
    0x08003eaa   0x08003eaa   0x0000000e   Code   RO         3828    i.__scatterload_copy  mc_w.l(handlers.o)
    0x08003eb8   0x08003eb8   0x00000002   Code   RO         3829    i.__scatterload_null  mc_w.l(handlers.o)
    0x08003eba   0x08003eba   0x0000000e   Code   RO         3830    i.__scatterload_zeroinit  mc_w.l(handlers.o)
    0x08003ec8   0x08003ec8   0x00000184   Code   RO         3764    i._fp_digits        mc_w.l(printfa.o)
    0x0800404c   0x0800404c   0x000006dc   Code   RO         3765    i._printf_core      mc_w.l(printfa.o)
    0x08004728   0x08004728   0x00000024   Code   RO         3766    i._printf_post_padding  mc_w.l(printfa.o)
    0x0800474c   0x0800474c   0x0000002e   Code   RO         3767    i._printf_pre_padding  mc_w.l(printfa.o)
    0x0800477a   0x0800477a   0x0000000a   Code   RO         3769    i._sputc            mc_w.l(printfa.o)
    0x08004784   0x08004784   0x0000004c   Code   RO           22    i.hi2cx_define      lcd_i2cmodule.o
    0x080047d0   0x080047d0   0x000000d4   Code   RO          454    i.main              main.o
    0x080048a4   0x080048a4   0x00000050   Data   RO           24    .constdata          lcd_i2cmodule.o
    0x080048f4   0x080048f4   0x00000010   Data   RO         3710    .constdata          system_stm32f7xx.o
    0x08004904   0x08004904   0x00000020   Data   RO         3826    Region$$Table       anon$$obj.o


    Execution Region RW_IRAM1 (Exec base: 0x20000000, Load base: 0x08004924, Size: 0x00000790, Max: 0x00080000, ABSOLUTE)

    Exec Addr    Load Addr    Size         Type   Attr      Idx    E Section Name        Object

    0x20000000   0x08004924   0x00000014   Data   RW           25    .data               lcd_i2cmodule.o
    0x20000014   0x08004938   0x00000004   Data   RW          280    .data               nrf24l01.o
    0x20000018   0x0800493c   0x0000001a   Data   RW          458    .data               main.o
    0x20000032   0x08004956   0x00000002   PAD
    0x20000034   0x08004958   0x0000000c   Data   RW         3457    .data               stm32f7xx_hal.o
    0x20000040   0x08004964   0x00000004   Data   RW         3712    .data               system_stm32f7xx.o
    0x20000044        -       0x000001dc   Zero   RW           23    .bss                lcd_i2cmodule.o
    0x20000220        -       0x00000170   Zero   RW          457    .bss                main.o
    0x20000390        -       0x00000400   Zero   RW            1    STACK               startup_stm32f767xx.o


==============================================================================

Image component sizes


      Code (inc. data)   RO Data    RW Data    ZI Data      Debug   Object Name

       658         52         80         20        476     862098   lcd_i2cmodule.o
      1316        160          0         26        368       6644   main.o
        92         20          0          0          0        604   motor.o
      1228         52          0          4          0      16999   nrf24l01.o
        36          8        504          0       1024        832   startup_stm32f767xx.o
       150         24          0         12          0       9157   stm32f7xx_hal.o
       198         12          0          0          0      38963   stm32f7xx_hal_cortex.o
        36          0          0          0          0       1215   stm32f7xx_hal_dma.o
       482         54          0          0          0       2556   stm32f7xx_hal_gpio.o
      2702         70          0          0          0      22022   stm32f7xx_hal_i2c.o
       172          0          0          0          0       1955   stm32f7xx_hal_i2c_ex.o
       556         70          0          0          0       4855   stm32f7xx_hal_msp.o
      1228         44          0          0          0       3902   stm32f7xx_hal_rcc.o
      1340         22          0          0          0       2316   stm32f7xx_hal_rcc_ex.o
      1552          0          0          0          0       7620   stm32f7xx_hal_spi.o
      2312        152          0          0          0      19159   stm32f7xx_hal_tim.o
       102          8          0          0          0       3036   stm32f7xx_hal_tim_ex.o
        56         18          0          0          0       5443   stm32f7xx_it.o
        84         16         16          4          0       1215   system_stm32f7xx.o

    ----------------------------------------------------------------------
     14336        782        632         68       1868    1010591   Object Totals
         0          0         32          0          0          0   (incl. Generated)
        36          0          0          2          0          0   (incl. Padding)

    ----------------------------------------------------------------------

      Code (inc. data)   RO Data    RW Data    ZI Data      Debug   Library Member Name

         0          0          0          0          0          0   entry.o
         0          0          0          0          0          0   entry10a.o
         0          0          0          0          0          0   entry11a.o
         8          4          0          0          0          0   entry2.o
         4          0          0          0          0          0   entry5.o
         0          0          0          0          0          0   entry7b.o
         0          0          0          0          0          0   entry8b.o
         8          4          0          0          0          0   entry9a.o
        30          0          0          0          0          0   handlers.o
        36          8          0          0          0         68   init.o
         0          0          0          0          0          0   iusefp.o
        30          0          0          0          0         68   llshl.o
        36          0          0          0          0         68   llsshr.o
        32          0          0          0          0         68   llushr.o
        36          0          0          0          0         68   memcpya.o
        36          0          0          0          0        108   memseta.o
      2276         86          0          0          0        520   printfa.o
        14          0          0          0          0         68   strlen.o
        44          0          0          0          0         80   uidiv.o
        98          0          0          0          0         92   uldiv.o
        48          0          0          0          0         68   cdrcmple.o
       334          0          0          0          0        148   dadd.o
       222          0          0          0          0        100   ddiv.o
       186          0          0          0          0        176   depilogue.o
        48          0          0          0          0         68   dfixul.o
       228          0          0          0          0         96   dmul.o

    ----------------------------------------------------------------------
      3756        102          0          0          0       1864   Library Totals
         2          0          0          0          0          0   (incl. Padding)

    ----------------------------------------------------------------------

      Code (inc. data)   RO Data    RW Data    ZI Data      Debug   Library Name

      2688        102          0          0          0       1208   mc_w.l
      1066          0          0          0          0        656   mf_w.l

    ----------------------------------------------------------------------
      3756        102          0          0          0       1864   Library Totals

    ----------------------------------------------------------------------

==============================================================================


      Code (inc. data)   RO Data    RW Data    ZI Data      Debug   

     18092        884        632         68       1868     998923   Grand Totals
     18092        884        632         68       1868     998923   ELF Image Totals
     18092        884        632         68          0          0   ROM Totals

==============================================================================

    Total RO  Size (Code + RO Data)                18724 (  18.29kB)
    Total RW  Size (RW Data + ZI Data)              1936 (   1.89kB)
    Total ROM Size (Code + RO Data + RW Data)      18792 (  18.35kB)

==============================================================================

